../State_Machine/state_machine.c:34:6:save_new_state	88	static
../State_Machine/state_machine.c:47:20:change_state	16	static
../State_Machine/state_machine.c:54:10:s_to_ms	16	static
../State_Machine/state_machine.c:57:6:state_machine_init	48	static
../State_Machine/state_machine.c:73:6:state_machine_run	16	static
../State_Machine/state_machine.c:84:6:state_machine_armed	16	static
../State_Machine/state_machine.c:128:6:state_machine_disarmed	8	static
../State_Machine/state_machine.c:175:6:state_machine_countdown	32	static
../State_Machine/state_machine.c:219:6:state_machine_alert	120	static
../State_Machine/state_machine.c:249:6:state_machine_set_alert_time	8	static
../State_Machine/state_machine.c:273:6:state_machine_set_new_pin	8	static
../State_Machine/state_machine.c:298:6:state_machine_menage_number	32	static
../State_Machine/state_machine.c:338:6:state_machine_replace_number	8	static
