../State_Machine/state_machine.c:40:6:save_new_state	96	static
../State_Machine/state_machine.c:54:20:change_state	16	static
../State_Machine/state_machine.c:61:10:s_to_ms	16	static
../State_Machine/state_machine.c:64:6:state_machine_init	48	static
../State_Machine/state_machine.c:81:6:state_machine_run	16	static
../State_Machine/state_machine.c:92:6:state_machine_armed	8	static
../State_Machine/state_machine.c:141:6:state_machine_disarmed	8	static
../State_Machine/state_machine.c:192:6:state_machine_countdown	32	static
../State_Machine/state_machine.c:236:6:state_machine_alert	16	static
../State_Machine/state_machine.c:244:6:state_machine_set_alert_time	8	static
../State_Machine/state_machine.c:268:6:state_machine_set_new_pin	8	static
../State_Machine/state_machine.c:293:6:state_machine_menage_number	32	static
../State_Machine/state_machine.c:333:6:state_machine_replace_number	8	static
../State_Machine/state_machine.c:352:6:state_machine_arming	8	static
../State_Machine/state_machine.c:366:6:state_machine_set_arming_time	8	static
