../Drivers/CMSIS/Include/core_cm4.h:2064:26:ITM_SendChar	16	static,ignoring_inline_asm
../Core/Src/main.c:134:19:nrf_write_register	88	dynamic
../Core/Src/main.c:163:19:nrf_read_register_multi	32	static
../Core/Src/main.c:192:9:nrf_read_single_register	24	static
../Core/Src/main.c:205:9:nrf_read_status_register	24	static
../Core/Src/main.c:223:6:nrf_clear_status_flags	16	static
../Core/Src/main.c:232:9:nrf_read_rx_payload_width	24	static
../Core/Src/main.c:270:19:nrf_read_rx_payload	32	static
../Core/Src/main.c:302:6:nrf_flush_tx_fifo	24	static
../Core/Src/main.c:314:6:nrf_flush_rx_fifo	24	static
../Core/Src/main.c:325:6:init_nrf_slave	48	static
../Core/Src/main.c:404:6:transmit_nrf_payload	32	static
../Core/Src/main.c:448:6:init_nrf_master	48	static
../Core/Src/main.c:528:5:main	192	static
../Core/Src/main.c:692:6:SystemClock_Config	88	static
../Core/Src/main.c:738:13:MX_I2C1_Init	8	static
../Core/Src/main.c:772:13:MX_SPI2_Init	8	static
../Core/Src/main.c:810:13:MX_USART1_UART_Init	8	static
../Core/Src/main.c:843:13:MX_GPIO_Init	40	static
../Core/Src/main.c:893:5:_write	32	static
../Core/Src/main.c:910:6:Error_Handler	4	static,ignoring_inline_asm
