../Drivers/CMSIS/Include/core_cm4.h:2064:26:ITM_SendChar	16	static,ignoring_inline_asm
../Core/Src/main.c:73:6:write_nrf_register	48	static
../Core/Src/main.c:84:6:init_nrf_master	24	static
../Core/Src/main.c:118:5:main	160	static
../Core/Src/main.c:197:6:SystemClock_Config	88	static
../Core/Src/main.c:243:13:MX_I2C1_Init	8	static
../Core/Src/main.c:277:13:MX_SPI2_Init	8	static
../Core/Src/main.c:315:13:MX_USART1_UART_Init	8	static
../Core/Src/main.c:348:13:MX_GPIO_Init	40	static
../Core/Src/main.c:398:5:_write	32	static
../Core/Src/main.c:415:6:Error_Handler	4	static,ignoring_inline_asm
