15:49:47 **** Incremental Build of configuration Debug for project Alarm_Master ****
make -j12 all 
arm-none-eabi-gcc "../State_Machine/state_machine.c" -mcpu=cortex-m4 -std=gnu11 -g3 -DDEBUG -DUSE_HAL_DRIVER -DSTM32F411xE -c -I../Core/Inc -I../Drivers/STM32F4xx_HAL_Driver/Inc -I../Drivers/STM32F4xx_HAL_Driver/Inc/Legacy -I../Drivers/CMSIS/Device/ST/STM32F4xx/Include -I../Drivers/CMSIS/Include -I"C:/Users/axeel/Desktop/alarm/Alarm_Master/Keyboard_Driver" -I"C:/Users/axeel/Desktop/alarm/Alarm_Master/LCD_Driver" -I"C:/Users/axeel/Desktop/alarm/Alarm_Master/Display" -I"C:/Users/axeel/Desktop/alarm/Alarm_Master/State_Machine" -I"C:/Users/axeel/Desktop/alarm/Alarm_Master/Expander" -I"C:/Users/axeel/Desktop/alarm/Alarm_Master/Flash_Interface" -I"C:/Users/axeel/Desktop/alarm/Alarm_Master/SIM800L_Driver" -O0 -ffunction-sections -fdata-sections -Wall -fstack-usage -fcyclomatic-complexity -MMD -MP -MF"State_Machine/state_machine.d" -MT"State_Machine/state_machine.o" --specs=nano.specs -mfpu=fpv4-sp-d16 -mfloat-abi=hard -mthumb -o "State_Machine/state_machine.o"
arm-none-eabi-gcc "../SIM800L_Driver/sim800l_driver.c" -mcpu=cortex-m4 -std=gnu11 -g3 -DDEBUG -DUSE_HAL_DRIVER -DSTM32F411xE -c -I../Core/Inc -I../Drivers/STM32F4xx_HAL_Driver/Inc -I../Drivers/STM32F4xx_HAL_Driver/Inc/Legacy -I../Drivers/CMSIS/Device/ST/STM32F4xx/Include -I../Drivers/CMSIS/Include -I"C:/Users/axeel/Desktop/alarm/Alarm_Master/Keyboard_Driver" -I"C:/Users/axeel/Desktop/alarm/Alarm_Master/LCD_Driver" -I"C:/Users/axeel/Desktop/alarm/Alarm_Master/Display" -I"C:/Users/axeel/Desktop/alarm/Alarm_Master/State_Machine" -I"C:/Users/axeel/Desktop/alarm/Alarm_Master/Expander" -I"C:/Users/axeel/Desktop/alarm/Alarm_Master/Flash_Interface" -I"C:/Users/axeel/Desktop/alarm/Alarm_Master/SIM800L_Driver" -O0 -ffunction-sections -fdata-sections -Wall -fstack-usage -fcyclomatic-complexity -MMD -MP -MF"SIM800L_Driver/sim800l_driver.d" -MT"SIM800L_Driver/sim800l_driver.o" --specs=nano.specs -mfpu=fpv4-sp-d16 -mfloat-abi=hard -mthumb -o "SIM800L_Driver/sim800l_driver.o"
arm-none-eabi-gcc "../LCD_Driver/lcd_driver.c" -mcpu=cortex-m4 -std=gnu11 -g3 -DDEBUG -DUSE_HAL_DRIVER -DSTM32F411xE -c -I../Core/Inc -I../Drivers/STM32F4xx_HAL_Driver/Inc -I../Drivers/STM32F4xx_HAL_Driver/Inc/Legacy -I../Drivers/CMSIS/Device/ST/STM32F4xx/Include -I../Drivers/CMSIS/Include -I"C:/Users/axeel/Desktop/alarm/Alarm_Master/Keyboard_Driver" -I"C:/Users/axeel/Desktop/alarm/Alarm_Master/LCD_Driver" -I"C:/Users/axeel/Desktop/alarm/Alarm_Master/Display" -I"C:/Users/axeel/Desktop/alarm/Alarm_Master/State_Machine" -I"C:/Users/axeel/Desktop/alarm/Alarm_Master/Expander" -I"C:/Users/axeel/Desktop/alarm/Alarm_Master/Flash_Interface" -I"C:/Users/axeel/Desktop/alarm/Alarm_Master/SIM800L_Driver" -O0 -ffunction-sections -fdata-sections -Wall -fstack-usage -fcyclomatic-complexity -MMD -MP -MF"LCD_Driver/lcd_driver.d" -MT"LCD_Driver/lcd_driver.o" --specs=nano.specs -mfpu=fpv4-sp-d16 -mfloat-abi=hard -mthumb -o "LCD_Driver/lcd_driver.o"
arm-none-eabi-gcc "../Keyboard_Driver/keyboard.c" -mcpu=cortex-m4 -std=gnu11 -g3 -DDEBUG -DUSE_HAL_DRIVER -DSTM32F411xE -c -I../Core/Inc -I../Drivers/STM32F4xx_HAL_Driver/Inc -I../Drivers/STM32F4xx_HAL_Driver/Inc/Legacy -I../Drivers/CMSIS/Device/ST/STM32F4xx/Include -I../Drivers/CMSIS/Include -I"C:/Users/axeel/Desktop/alarm/Alarm_Master/Keyboard_Driver" -I"C:/Users/axeel/Desktop/alarm/Alarm_Master/LCD_Driver" -I"C:/Users/axeel/Desktop/alarm/Alarm_Master/Display" -I"C:/Users/axeel/Desktop/alarm/Alarm_Master/State_Machine" -I"C:/Users/axeel/Desktop/alarm/Alarm_Master/Expander" -I"C:/Users/axeel/Desktop/alarm/Alarm_Master/Flash_Interface" -I"C:/Users/axeel/Desktop/alarm/Alarm_Master/SIM800L_Driver" -O0 -ffunction-sections -fdata-sections -Wall -fstack-usage -fcyclomatic-complexity -MMD -MP -MF"Keyboard_Driver/keyboard.d" -MT"Keyboard_Driver/keyboard.o" --specs=nano.specs -mfpu=fpv4-sp-d16 -mfloat-abi=hard -mthumb -o "Keyboard_Driver/keyboard.o"
arm-none-eabi-gcc "../Flash_Interface/flash_interface.c" -mcpu=cortex-m4 -std=gnu11 -g3 -DDEBUG -DUSE_HAL_DRIVER -DSTM32F411xE -c -I../Core/Inc -I../Drivers/STM32F4xx_HAL_Driver/Inc -I../Drivers/STM32F4xx_HAL_Driver/Inc/Legacy -I../Drivers/CMSIS/Device/ST/STM32F4xx/Include -I../Drivers/CMSIS/Include -I"C:/Users/axeel/Desktop/alarm/Alarm_Master/Keyboard_Driver" -I"C:/Users/axeel/Desktop/alarm/Alarm_Master/LCD_Driver" -I"C:/Users/axeel/Desktop/alarm/Alarm_Master/Display" -I"C:/Users/axeel/Desktop/alarm/Alarm_Master/State_Machine" -I"C:/Users/axeel/Desktop/alarm/Alarm_Master/Expander" -I"C:/Users/axeel/Desktop/alarm/Alarm_Master/Flash_Interface" -I"C:/Users/axeel/Desktop/alarm/Alarm_Master/SIM800L_Driver" -O0 -ffunction-sections -fdata-sections -Wall -fstack-usage -fcyclomatic-complexity -MMD -MP -MF"Flash_Interface/flash_interface.d" -MT"Flash_Interface/flash_interface.o" --specs=nano.specs -mfpu=fpv4-sp-d16 -mfloat-abi=hard -mthumb -o "Flash_Interface/flash_interface.o"
arm-none-eabi-gcc "../Expander/expander.c" -mcpu=cortex-m4 -std=gnu11 -g3 -DDEBUG -DUSE_HAL_DRIVER -DSTM32F411xE -c -I../Core/Inc -I../Drivers/STM32F4xx_HAL_Driver/Inc -I../Drivers/STM32F4xx_HAL_Driver/Inc/Legacy -I../Drivers/CMSIS/Device/ST/STM32F4xx/Include -I../Drivers/CMSIS/Include -I"C:/Users/axeel/Desktop/alarm/Alarm_Master/Keyboard_Driver" -I"C:/Users/axeel/Desktop/alarm/Alarm_Master/LCD_Driver" -I"C:/Users/axeel/Desktop/alarm/Alarm_Master/Display" -I"C:/Users/axeel/Desktop/alarm/Alarm_Master/State_Machine" -I"C:/Users/axeel/Desktop/alarm/Alarm_Master/Expander" -I"C:/Users/axeel/Desktop/alarm/Alarm_Master/Flash_Interface" -I"C:/Users/axeel/Desktop/alarm/Alarm_Master/SIM800L_Driver" -O0 -ffunction-sections -fdata-sections -Wall -fstack-usage -fcyclomatic-complexity -MMD -MP -MF"Expander/expander.d" -MT"Expander/expander.o" --specs=nano.specs -mfpu=fpv4-sp-d16 -mfloat-abi=hard -mthumb -o "Expander/expander.o"
arm-none-eabi-gcc "../Drivers/STM32F4xx_HAL_Driver/Src/stm32f4xx_hal.c" -mcpu=cortex-m4 -std=gnu11 -g3 -DDEBUG -DUSE_HAL_DRIVER -DSTM32F411xE -c -I../Core/Inc -I../Drivers/STM32F4xx_HAL_Driver/Inc -I../Drivers/STM32F4xx_HAL_Driver/Inc/Legacy -I../Drivers/CMSIS/Device/ST/STM32F4xx/Include -I../Drivers/CMSIS/Include -I"C:/Users/axeel/Desktop/alarm/Alarm_Master/Keyboard_Driver" -I"C:/Users/axeel/Desktop/alarm/Alarm_Master/LCD_Driver" -I"C:/Users/axeel/Desktop/alarm/Alarm_Master/Display" -I"C:/Users/axeel/Desktop/alarm/Alarm_Master/State_Machine" -I"C:/Users/axeel/Desktop/alarm/Alarm_Master/Expander" -I"C:/Users/axeel/Desktop/alarm/Alarm_Master/Flash_Interface" -I"C:/Users/axeel/Desktop/alarm/Alarm_Master/SIM800L_Driver" -O0 -ffunction-sections -fdata-sections -Wall -fstack-usage -fcyclomatic-complexity -MMD -MP -MF"Drivers/STM32F4xx_HAL_Driver/Src/stm32f4xx_hal.d" -MT"Drivers/STM32F4xx_HAL_Driver/Src/stm32f4xx_hal.o" --specs=nano.specs -mfpu=fpv4-sp-d16 -mfloat-abi=hard -mthumb -o "Drivers/STM32F4xx_HAL_Driver/Src/stm32f4xx_hal.o"
arm-none-eabi-gcc "../Drivers/STM32F4xx_HAL_Driver/Src/stm32f4xx_hal_cortex.c" -mcpu=cortex-m4 -std=gnu11 -g3 -DDEBUG -DUSE_HAL_DRIVER -DSTM32F411xE -c -I../Core/Inc -I../Drivers/STM32F4xx_HAL_Driver/Inc -I../Drivers/STM32F4xx_HAL_Driver/Inc/Legacy -I../Drivers/CMSIS/Device/ST/STM32F4xx/Include -I../Drivers/CMSIS/Include -I"C:/Users/axeel/Desktop/alarm/Alarm_Master/Keyboard_Driver" -I"C:/Users/axeel/Desktop/alarm/Alarm_Master/LCD_Driver" -I"C:/Users/axeel/Desktop/alarm/Alarm_Master/Display" -I"C:/Users/axeel/Desktop/alarm/Alarm_Master/State_Machine" -I"C:/Users/axeel/Desktop/alarm/Alarm_Master/Expander" -I"C:/Users/axeel/Desktop/alarm/Alarm_Master/Flash_Interface" -I"C:/Users/axeel/Desktop/alarm/Alarm_Master/SIM800L_Driver" -O0 -ffunction-sections -fdata-sections -Wall -fstack-usage -fcyclomatic-complexity -MMD -MP -MF"Drivers/STM32F4xx_HAL_Driver/Src/stm32f4xx_hal_cortex.d" -MT"Drivers/STM32F4xx_HAL_Driver/Src/stm32f4xx_hal_cortex.o" --specs=nano.specs -mfpu=fpv4-sp-d16 -mfloat-abi=hard -mthumb -o "Drivers/STM32F4xx_HAL_Driver/Src/stm32f4xx_hal_cortex.o"
arm-none-eabi-gcc "../Drivers/STM32F4xx_HAL_Driver/Src/stm32f4xx_hal_dma.c" -mcpu=cortex-m4 -std=gnu11 -g3 -DDEBUG -DUSE_HAL_DRIVER -DSTM32F411xE -c -I../Core/Inc -I../Drivers/STM32F4xx_HAL_Driver/Inc -I../Drivers/STM32F4xx_HAL_Driver/Inc/Legacy -I../Drivers/CMSIS/Device/ST/STM32F4xx/Include -I../Drivers/CMSIS/Include -I"C:/Users/axeel/Desktop/alarm/Alarm_Master/Keyboard_Driver" -I"C:/Users/axeel/Desktop/alarm/Alarm_Master/LCD_Driver" -I"C:/Users/axeel/Desktop/alarm/Alarm_Master/Display" -I"C:/Users/axeel/Desktop/alarm/Alarm_Master/State_Machine" -I"C:/Users/axeel/Desktop/alarm/Alarm_Master/Expander" -I"C:/Users/axeel/Desktop/alarm/Alarm_Master/Flash_Interface" -I"C:/Users/axeel/Desktop/alarm/Alarm_Master/SIM800L_Driver" -O0 -ffunction-sections -fdata-sections -Wall -fstack-usage -fcyclomatic-complexity -MMD -MP -MF"Drivers/STM32F4xx_HAL_Driver/Src/stm32f4xx_hal_dma.d" -MT"Drivers/STM32F4xx_HAL_Driver/Src/stm32f4xx_hal_dma.o" --specs=nano.specs -mfpu=fpv4-sp-d16 -mfloat-abi=hard -mthumb -o "Drivers/STM32F4xx_HAL_Driver/Src/stm32f4xx_hal_dma.o"
arm-none-eabi-gcc "../Drivers/STM32F4xx_HAL_Driver/Src/stm32f4xx_hal_dma_ex.c" -mcpu=cortex-m4 -std=gnu11 -g3 -DDEBUG -DUSE_HAL_DRIVER -DSTM32F411xE -c -I../Core/Inc -I../Drivers/STM32F4xx_HAL_Driver/Inc -I../Drivers/STM32F4xx_HAL_Driver/Inc/Legacy -I../Drivers/CMSIS/Device/ST/STM32F4xx/Include -I../Drivers/CMSIS/Include -I"C:/Users/axeel/Desktop/alarm/Alarm_Master/Keyboard_Driver" -I"C:/Users/axeel/Desktop/alarm/Alarm_Master/LCD_Driver" -I"C:/Users/axeel/Desktop/alarm/Alarm_Master/Display" -I"C:/Users/axeel/Desktop/alarm/Alarm_Master/State_Machine" -I"C:/Users/axeel/Desktop/alarm/Alarm_Master/Expander" -I"C:/Users/axeel/Desktop/alarm/Alarm_Master/Flash_Interface" -I"C:/Users/axeel/Desktop/alarm/Alarm_Master/SIM800L_Driver" -O0 -ffunction-sections -fdata-sections -Wall -fstack-usage -fcyclomatic-complexity -MMD -MP -MF"Drivers/STM32F4xx_HAL_Driver/Src/stm32f4xx_hal_dma_ex.d" -MT"Drivers/STM32F4xx_HAL_Driver/Src/stm32f4xx_hal_dma_ex.o" --specs=nano.specs -mfpu=fpv4-sp-d16 -mfloat-abi=hard -mthumb -o "Drivers/STM32F4xx_HAL_Driver/Src/stm32f4xx_hal_dma_ex.o"
arm-none-eabi-gcc "../Drivers/STM32F4xx_HAL_Driver/Src/stm32f4xx_hal_exti.c" -mcpu=cortex-m4 -std=gnu11 -g3 -DDEBUG -DUSE_HAL_DRIVER -DSTM32F411xE -c -I../Core/Inc -I../Drivers/STM32F4xx_HAL_Driver/Inc -I../Drivers/STM32F4xx_HAL_Driver/Inc/Legacy -I../Drivers/CMSIS/Device/ST/STM32F4xx/Include -I../Drivers/CMSIS/Include -I"C:/Users/axeel/Desktop/alarm/Alarm_Master/Keyboard_Driver" -I"C:/Users/axeel/Desktop/alarm/Alarm_Master/LCD_Driver" -I"C:/Users/axeel/Desktop/alarm/Alarm_Master/Display" -I"C:/Users/axeel/Desktop/alarm/Alarm_Master/State_Machine" -I"C:/Users/axeel/Desktop/alarm/Alarm_Master/Expander" -I"C:/Users/axeel/Desktop/alarm/Alarm_Master/Flash_Interface" -I"C:/Users/axeel/Desktop/alarm/Alarm_Master/SIM800L_Driver" -O0 -ffunction-sections -fdata-sections -Wall -fstack-usage -fcyclomatic-complexity -MMD -MP -MF"Drivers/STM32F4xx_HAL_Driver/Src/stm32f4xx_hal_exti.d" -MT"Drivers/STM32F4xx_HAL_Driver/Src/stm32f4xx_hal_exti.o" --specs=nano.specs -mfpu=fpv4-sp-d16 -mfloat-abi=hard -mthumb -o "Drivers/STM32F4xx_HAL_Driver/Src/stm32f4xx_hal_exti.o"
arm-none-eabi-gcc "../Drivers/STM32F4xx_HAL_Driver/Src/stm32f4xx_hal_flash.c" -mcpu=cortex-m4 -std=gnu11 -g3 -DDEBUG -DUSE_HAL_DRIVER -DSTM32F411xE -c -I../Core/Inc -I../Drivers/STM32F4xx_HAL_Driver/Inc -I../Drivers/STM32F4xx_HAL_Driver/Inc/Legacy -I../Drivers/CMSIS/Device/ST/STM32F4xx/Include -I../Drivers/CMSIS/Include -I"C:/Users/axeel/Desktop/alarm/Alarm_Master/Keyboard_Driver" -I"C:/Users/axeel/Desktop/alarm/Alarm_Master/LCD_Driver" -I"C:/Users/axeel/Desktop/alarm/Alarm_Master/Display" -I"C:/Users/axeel/Desktop/alarm/Alarm_Master/State_Machine" -I"C:/Users/axeel/Desktop/alarm/Alarm_Master/Expander" -I"C:/Users/axeel/Desktop/alarm/Alarm_Master/Flash_Interface" -I"C:/Users/axeel/Desktop/alarm/Alarm_Master/SIM800L_Driver" -O0 -ffunction-sections -fdata-sections -Wall -fstack-usage -fcyclomatic-complexity -MMD -MP -MF"Drivers/STM32F4xx_HAL_Driver/Src/stm32f4xx_hal_flash.d" -MT"Drivers/STM32F4xx_HAL_Driver/Src/stm32f4xx_hal_flash.o" --specs=nano.specs -mfpu=fpv4-sp-d16 -mfloat-abi=hard -mthumb -o "Drivers/STM32F4xx_HAL_Driver/Src/stm32f4xx_hal_flash.o"
arm-none-eabi-gcc "../Drivers/STM32F4xx_HAL_Driver/Src/stm32f4xx_hal_flash_ex.c" -mcpu=cortex-m4 -std=gnu11 -g3 -DDEBUG -DUSE_HAL_DRIVER -DSTM32F411xE -c -I../Core/Inc -I../Drivers/STM32F4xx_HAL_Driver/Inc -I../Drivers/STM32F4xx_HAL_Driver/Inc/Legacy -I../Drivers/CMSIS/Device/ST/STM32F4xx/Include -I../Drivers/CMSIS/Include -I"C:/Users/axeel/Desktop/alarm/Alarm_Master/Keyboard_Driver" -I"C:/Users/axeel/Desktop/alarm/Alarm_Master/LCD_Driver" -I"C:/Users/axeel/Desktop/alarm/Alarm_Master/Display" -I"C:/Users/axeel/Desktop/alarm/Alarm_Master/State_Machine" -I"C:/Users/axeel/Desktop/alarm/Alarm_Master/Expander" -I"C:/Users/axeel/Desktop/alarm/Alarm_Master/Flash_Interface" -I"C:/Users/axeel/Desktop/alarm/Alarm_Master/SIM800L_Driver" -O0 -ffunction-sections -fdata-sections -Wall -fstack-usage -fcyclomatic-complexity -MMD -MP -MF"Drivers/STM32F4xx_HAL_Driver/Src/stm32f4xx_hal_flash_ex.d" -MT"Drivers/STM32F4xx_HAL_Driver/Src/stm32f4xx_hal_flash_ex.o" --specs=nano.specs -mfpu=fpv4-sp-d16 -mfloat-abi=hard -mthumb -o "Drivers/STM32F4xx_HAL_Driver/Src/stm32f4xx_hal_flash_ex.o"
arm-none-eabi-gcc "../Drivers/STM32F4xx_HAL_Driver/Src/stm32f4xx_hal_flash_ramfunc.c" -mcpu=cortex-m4 -std=gnu11 -g3 -DDEBUG -DUSE_HAL_DRIVER -DSTM32F411xE -c -I../Core/Inc -I../Drivers/STM32F4xx_HAL_Driver/Inc -I../Drivers/STM32F4xx_HAL_Driver/Inc/Legacy -I../Drivers/CMSIS/Device/ST/STM32F4xx/Include -I../Drivers/CMSIS/Include -I"C:/Users/axeel/Desktop/alarm/Alarm_Master/Keyboard_Driver" -I"C:/Users/axeel/Desktop/alarm/Alarm_Master/LCD_Driver" -I"C:/Users/axeel/Desktop/alarm/Alarm_Master/Display" -I"C:/Users/axeel/Desktop/alarm/Alarm_Master/State_Machine" -I"C:/Users/axeel/Desktop/alarm/Alarm_Master/Expander" -I"C:/Users/axeel/Desktop/alarm/Alarm_Master/Flash_Interface" -I"C:/Users/axeel/Desktop/alarm/Alarm_Master/SIM800L_Driver" -O0 -ffunction-sections -fdata-sections -Wall -fstack-usage -fcyclomatic-complexity -MMD -MP -MF"Drivers/STM32F4xx_HAL_Driver/Src/stm32f4xx_hal_flash_ramfunc.d" -MT"Drivers/STM32F4xx_HAL_Driver/Src/stm32f4xx_hal_flash_ramfunc.o" --specs=nano.specs -mfpu=fpv4-sp-d16 -mfloat-abi=hard -mthumb -o "Drivers/STM32F4xx_HAL_Driver/Src/stm32f4xx_hal_flash_ramfunc.o"
arm-none-eabi-gcc "../Drivers/STM32F4xx_HAL_Driver/Src/stm32f4xx_hal_gpio.c" -mcpu=cortex-m4 -std=gnu11 -g3 -DDEBUG -DUSE_HAL_DRIVER -DSTM32F411xE -c -I../Core/Inc -I../Drivers/STM32F4xx_HAL_Driver/Inc -I../Drivers/STM32F4xx_HAL_Driver/Inc/Legacy -I../Drivers/CMSIS/Device/ST/STM32F4xx/Include -I../Drivers/CMSIS/Include -I"C:/Users/axeel/Desktop/alarm/Alarm_Master/Keyboard_Driver" -I"C:/Users/axeel/Desktop/alarm/Alarm_Master/LCD_Driver" -I"C:/Users/axeel/Desktop/alarm/Alarm_Master/Display" -I"C:/Users/axeel/Desktop/alarm/Alarm_Master/State_Machine" -I"C:/Users/axeel/Desktop/alarm/Alarm_Master/Expander" -I"C:/Users/axeel/Desktop/alarm/Alarm_Master/Flash_Interface" -I"C:/Users/axeel/Desktop/alarm/Alarm_Master/SIM800L_Driver" -O0 -ffunction-sections -fdata-sections -Wall -fstack-usage -fcyclomatic-complexity -MMD -MP -MF"Drivers/STM32F4xx_HAL_Driver/Src/stm32f4xx_hal_gpio.d" -MT"Drivers/STM32F4xx_HAL_Driver/Src/stm32f4xx_hal_gpio.o" --specs=nano.specs -mfpu=fpv4-sp-d16 -mfloat-abi=hard -mthumb -o "Drivers/STM32F4xx_HAL_Driver/Src/stm32f4xx_hal_gpio.o"
arm-none-eabi-gcc "../Drivers/STM32F4xx_HAL_Driver/Src/stm32f4xx_hal_i2c.c" -mcpu=cortex-m4 -std=gnu11 -g3 -DDEBUG -DUSE_HAL_DRIVER -DSTM32F411xE -c -I../Core/Inc -I../Drivers/STM32F4xx_HAL_Driver/Inc -I../Drivers/STM32F4xx_HAL_Driver/Inc/Legacy -I../Drivers/CMSIS/Device/ST/STM32F4xx/Include -I../Drivers/CMSIS/Include -I"C:/Users/axeel/Desktop/alarm/Alarm_Master/Keyboard_Driver" -I"C:/Users/axeel/Desktop/alarm/Alarm_Master/LCD_Driver" -I"C:/Users/axeel/Desktop/alarm/Alarm_Master/Display" -I"C:/Users/axeel/Desktop/alarm/Alarm_Master/State_Machine" -I"C:/Users/axeel/Desktop/alarm/Alarm_Master/Expander" -I"C:/Users/axeel/Desktop/alarm/Alarm_Master/Flash_Interface" -I"C:/Users/axeel/Desktop/alarm/Alarm_Master/SIM800L_Driver" -O0 -ffunction-sections -fdata-sections -Wall -fstack-usage -fcyclomatic-complexity -MMD -MP -MF"Drivers/STM32F4xx_HAL_Driver/Src/stm32f4xx_hal_i2c.d" -MT"Drivers/STM32F4xx_HAL_Driver/Src/stm32f4xx_hal_i2c.o" --specs=nano.specs -mfpu=fpv4-sp-d16 -mfloat-abi=hard -mthumb -o "Drivers/STM32F4xx_HAL_Driver/Src/stm32f4xx_hal_i2c.o"
arm-none-eabi-gcc "../Drivers/STM32F4xx_HAL_Driver/Src/stm32f4xx_hal_i2c_ex.c" -mcpu=cortex-m4 -std=gnu11 -g3 -DDEBUG -DUSE_HAL_DRIVER -DSTM32F411xE -c -I../Core/Inc -I../Drivers/STM32F4xx_HAL_Driver/Inc -I../Drivers/STM32F4xx_HAL_Driver/Inc/Legacy -I../Drivers/CMSIS/Device/ST/STM32F4xx/Include -I../Drivers/CMSIS/Include -I"C:/Users/axeel/Desktop/alarm/Alarm_Master/Keyboard_Driver" -I"C:/Users/axeel/Desktop/alarm/Alarm_Master/LCD_Driver" -I"C:/Users/axeel/Desktop/alarm/Alarm_Master/Display" -I"C:/Users/axeel/Desktop/alarm/Alarm_Master/State_Machine" -I"C:/Users/axeel/Desktop/alarm/Alarm_Master/Expander" -I"C:/Users/axeel/Desktop/alarm/Alarm_Master/Flash_Interface" -I"C:/Users/axeel/Desktop/alarm/Alarm_Master/SIM800L_Driver" -O0 -ffunction-sections -fdata-sections -Wall -fstack-usage -fcyclomatic-complexity -MMD -MP -MF"Drivers/STM32F4xx_HAL_Driver/Src/stm32f4xx_hal_i2c_ex.d" -MT"Drivers/STM32F4xx_HAL_Driver/Src/stm32f4xx_hal_i2c_ex.o" --specs=nano.specs -mfpu=fpv4-sp-d16 -mfloat-abi=hard -mthumb -o "Drivers/STM32F4xx_HAL_Driver/Src/stm32f4xx_hal_i2c_ex.o"
arm-none-eabi-gcc "../Drivers/STM32F4xx_HAL_Driver/Src/stm32f4xx_hal_pwr.c" -mcpu=cortex-m4 -std=gnu11 -g3 -DDEBUG -DUSE_HAL_DRIVER -DSTM32F411xE -c -I../Core/Inc -I../Drivers/STM32F4xx_HAL_Driver/Inc -I../Drivers/STM32F4xx_HAL_Driver/Inc/Legacy -I../Drivers/CMSIS/Device/ST/STM32F4xx/Include -I../Drivers/CMSIS/Include -I"C:/Users/axeel/Desktop/alarm/Alarm_Master/Keyboard_Driver" -I"C:/Users/axeel/Desktop/alarm/Alarm_Master/LCD_Driver" -I"C:/Users/axeel/Desktop/alarm/Alarm_Master/Display" -I"C:/Users/axeel/Desktop/alarm/Alarm_Master/State_Machine" -I"C:/Users/axeel/Desktop/alarm/Alarm_Master/Expander" -I"C:/Users/axeel/Desktop/alarm/Alarm_Master/Flash_Interface" -I"C:/Users/axeel/Desktop/alarm/Alarm_Master/SIM800L_Driver" -O0 -ffunction-sections -fdata-sections -Wall -fstack-usage -fcyclomatic-complexity -MMD -MP -MF"Drivers/STM32F4xx_HAL_Driver/Src/stm32f4xx_hal_pwr.d" -MT"Drivers/STM32F4xx_HAL_Driver/Src/stm32f4xx_hal_pwr.o" --specs=nano.specs -mfpu=fpv4-sp-d16 -mfloat-abi=hard -mthumb -o "Drivers/STM32F4xx_HAL_Driver/Src/stm32f4xx_hal_pwr.o"
arm-none-eabi-gcc "../Drivers/STM32F4xx_HAL_Driver/Src/stm32f4xx_hal_pwr_ex.c" -mcpu=cortex-m4 -std=gnu11 -g3 -DDEBUG -DUSE_HAL_DRIVER -DSTM32F411xE -c -I../Core/Inc -I../Drivers/STM32F4xx_HAL_Driver/Inc -I../Drivers/STM32F4xx_HAL_Driver/Inc/Legacy -I../Drivers/CMSIS/Device/ST/STM32F4xx/Include -I../Drivers/CMSIS/Include -I"C:/Users/axeel/Desktop/alarm/Alarm_Master/Keyboard_Driver" -I"C:/Users/axeel/Desktop/alarm/Alarm_Master/LCD_Driver" -I"C:/Users/axeel/Desktop/alarm/Alarm_Master/Display" -I"C:/Users/axeel/Desktop/alarm/Alarm_Master/State_Machine" -I"C:/Users/axeel/Desktop/alarm/Alarm_Master/Expander" -I"C:/Users/axeel/Desktop/alarm/Alarm_Master/Flash_Interface" -I"C:/Users/axeel/Desktop/alarm/Alarm_Master/SIM800L_Driver" -O0 -ffunction-sections -fdata-sections -Wall -fstack-usage -fcyclomatic-complexity -MMD -MP -MF"Drivers/STM32F4xx_HAL_Driver/Src/stm32f4xx_hal_pwr_ex.d" -MT"Drivers/STM32F4xx_HAL_Driver/Src/stm32f4xx_hal_pwr_ex.o" --specs=nano.specs -mfpu=fpv4-sp-d16 -mfloat-abi=hard -mthumb -o "Drivers/STM32F4xx_HAL_Driver/Src/stm32f4xx_hal_pwr_ex.o"
arm-none-eabi-gcc "../Drivers/STM32F4xx_HAL_Driver/Src/stm32f4xx_hal_rcc.c" -mcpu=cortex-m4 -std=gnu11 -g3 -DDEBUG -DUSE_HAL_DRIVER -DSTM32F411xE -c -I../Core/Inc -I../Drivers/STM32F4xx_HAL_Driver/Inc -I../Drivers/STM32F4xx_HAL_Driver/Inc/Legacy -I../Drivers/CMSIS/Device/ST/STM32F4xx/Include -I../Drivers/CMSIS/Include -I"C:/Users/axeel/Desktop/alarm/Alarm_Master/Keyboard_Driver" -I"C:/Users/axeel/Desktop/alarm/Alarm_Master/LCD_Driver" -I"C:/Users/axeel/Desktop/alarm/Alarm_Master/Display" -I"C:/Users/axeel/Desktop/alarm/Alarm_Master/State_Machine" -I"C:/Users/axeel/Desktop/alarm/Alarm_Master/Expander" -I"C:/Users/axeel/Desktop/alarm/Alarm_Master/Flash_Interface" -I"C:/Users/axeel/Desktop/alarm/Alarm_Master/SIM800L_Driver" -O0 -ffunction-sections -fdata-sections -Wall -fstack-usage -fcyclomatic-complexity -MMD -MP -MF"Drivers/STM32F4xx_HAL_Driver/Src/stm32f4xx_hal_rcc.d" -MT"Drivers/STM32F4xx_HAL_Driver/Src/stm32f4xx_hal_rcc.o" --specs=nano.specs -mfpu=fpv4-sp-d16 -mfloat-abi=hard -mthumb -o "Drivers/STM32F4xx_HAL_Driver/Src/stm32f4xx_hal_rcc.o"
arm-none-eabi-gcc "../Drivers/STM32F4xx_HAL_Driver/Src/stm32f4xx_hal_rcc_ex.c" -mcpu=cortex-m4 -std=gnu11 -g3 -DDEBUG -DUSE_HAL_DRIVER -DSTM32F411xE -c -I../Core/Inc -I../Drivers/STM32F4xx_HAL_Driver/Inc -I../Drivers/STM32F4xx_HAL_Driver/Inc/Legacy -I../Drivers/CMSIS/Device/ST/STM32F4xx/Include -I../Drivers/CMSIS/Include -I"C:/Users/axeel/Desktop/alarm/Alarm_Master/Keyboard_Driver" -I"C:/Users/axeel/Desktop/alarm/Alarm_Master/LCD_Driver" -I"C:/Users/axeel/Desktop/alarm/Alarm_Master/Display" -I"C:/Users/axeel/Desktop/alarm/Alarm_Master/State_Machine" -I"C:/Users/axeel/Desktop/alarm/Alarm_Master/Expander" -I"C:/Users/axeel/Desktop/alarm/Alarm_Master/Flash_Interface" -I"C:/Users/axeel/Desktop/alarm/Alarm_Master/SIM800L_Driver" -O0 -ffunction-sections -fdata-sections -Wall -fstack-usage -fcyclomatic-complexity -MMD -MP -MF"Drivers/STM32F4xx_HAL_Driver/Src/stm32f4xx_hal_rcc_ex.d" -MT"Drivers/STM32F4xx_HAL_Driver/Src/stm32f4xx_hal_rcc_ex.o" --specs=nano.specs -mfpu=fpv4-sp-d16 -mfloat-abi=hard -mthumb -o "Drivers/STM32F4xx_HAL_Driver/Src/stm32f4xx_hal_rcc_ex.o"
arm-none-eabi-gcc "../Drivers/STM32F4xx_HAL_Driver/Src/stm32f4xx_hal_spi.c" -mcpu=cortex-m4 -std=gnu11 -g3 -DDEBUG -DUSE_HAL_DRIVER -DSTM32F411xE -c -I../Core/Inc -I../Drivers/STM32F4xx_HAL_Driver/Inc -I../Drivers/STM32F4xx_HAL_Driver/Inc/Legacy -I../Drivers/CMSIS/Device/ST/STM32F4xx/Include -I../Drivers/CMSIS/Include -I"C:/Users/axeel/Desktop/alarm/Alarm_Master/Keyboard_Driver" -I"C:/Users/axeel/Desktop/alarm/Alarm_Master/LCD_Driver" -I"C:/Users/axeel/Desktop/alarm/Alarm_Master/Display" -I"C:/Users/axeel/Desktop/alarm/Alarm_Master/State_Machine" -I"C:/Users/axeel/Desktop/alarm/Alarm_Master/Expander" -I"C:/Users/axeel/Desktop/alarm/Alarm_Master/Flash_Interface" -I"C:/Users/axeel/Desktop/alarm/Alarm_Master/SIM800L_Driver" -O0 -ffunction-sections -fdata-sections -Wall -fstack-usage -fcyclomatic-complexity -MMD -MP -MF"Drivers/STM32F4xx_HAL_Driver/Src/stm32f4xx_hal_spi.d" -MT"Drivers/STM32F4xx_HAL_Driver/Src/stm32f4xx_hal_spi.o" --specs=nano.specs -mfpu=fpv4-sp-d16 -mfloat-abi=hard -mthumb -o "Drivers/STM32F4xx_HAL_Driver/Src/stm32f4xx_hal_spi.o"
arm-none-eabi-gcc "../Drivers/STM32F4xx_HAL_Driver/Src/stm32f4xx_hal_tim.c" -mcpu=cortex-m4 -std=gnu11 -g3 -DDEBUG -DUSE_HAL_DRIVER -DSTM32F411xE -c -I../Core/Inc -I../Drivers/STM32F4xx_HAL_Driver/Inc -I../Drivers/STM32F4xx_HAL_Driver/Inc/Legacy -I../Drivers/CMSIS/Device/ST/STM32F4xx/Include -I../Drivers/CMSIS/Include -I"C:/Users/axeel/Desktop/alarm/Alarm_Master/Keyboard_Driver" -I"C:/Users/axeel/Desktop/alarm/Alarm_Master/LCD_Driver" -I"C:/Users/axeel/Desktop/alarm/Alarm_Master/Display" -I"C:/Users/axeel/Desktop/alarm/Alarm_Master/State_Machine" -I"C:/Users/axeel/Desktop/alarm/Alarm_Master/Expander" -I"C:/Users/axeel/Desktop/alarm/Alarm_Master/Flash_Interface" -I"C:/Users/axeel/Desktop/alarm/Alarm_Master/SIM800L_Driver" -O0 -ffunction-sections -fdata-sections -Wall -fstack-usage -fcyclomatic-complexity -MMD -MP -MF"Drivers/STM32F4xx_HAL_Driver/Src/stm32f4xx_hal_tim.d" -MT"Drivers/STM32F4xx_HAL_Driver/Src/stm32f4xx_hal_tim.o" --specs=nano.specs -mfpu=fpv4-sp-d16 -mfloat-abi=hard -mthumb -o "Drivers/STM32F4xx_HAL_Driver/Src/stm32f4xx_hal_tim.o"
arm-none-eabi-gcc "../Drivers/STM32F4xx_HAL_Driver/Src/stm32f4xx_hal_tim_ex.c" -mcpu=cortex-m4 -std=gnu11 -g3 -DDEBUG -DUSE_HAL_DRIVER -DSTM32F411xE -c -I../Core/Inc -I../Drivers/STM32F4xx_HAL_Driver/Inc -I../Drivers/STM32F4xx_HAL_Driver/Inc/Legacy -I../Drivers/CMSIS/Device/ST/STM32F4xx/Include -I../Drivers/CMSIS/Include -I"C:/Users/axeel/Desktop/alarm/Alarm_Master/Keyboard_Driver" -I"C:/Users/axeel/Desktop/alarm/Alarm_Master/LCD_Driver" -I"C:/Users/axeel/Desktop/alarm/Alarm_Master/Display" -I"C:/Users/axeel/Desktop/alarm/Alarm_Master/State_Machine" -I"C:/Users/axeel/Desktop/alarm/Alarm_Master/Expander" -I"C:/Users/axeel/Desktop/alarm/Alarm_Master/Flash_Interface" -I"C:/Users/axeel/Desktop/alarm/Alarm_Master/SIM800L_Driver" -O0 -ffunction-sections -fdata-sections -Wall -fstack-usage -fcyclomatic-complexity -MMD -MP -MF"Drivers/STM32F4xx_HAL_Driver/Src/stm32f4xx_hal_tim_ex.d" -MT"Drivers/STM32F4xx_HAL_Driver/Src/stm32f4xx_hal_tim_ex.o" --specs=nano.specs -mfpu=fpv4-sp-d16 -mfloat-abi=hard -mthumb -o "Drivers/STM32F4xx_HAL_Driver/Src/stm32f4xx_hal_tim_ex.o"
arm-none-eabi-gcc "../Drivers/STM32F4xx_HAL_Driver/Src/stm32f4xx_hal_uart.c" -mcpu=cortex-m4 -std=gnu11 -g3 -DDEBUG -DUSE_HAL_DRIVER -DSTM32F411xE -c -I../Core/Inc -I../Drivers/STM32F4xx_HAL_Driver/Inc -I../Drivers/STM32F4xx_HAL_Driver/Inc/Legacy -I../Drivers/CMSIS/Device/ST/STM32F4xx/Include -I../Drivers/CMSIS/Include -I"C:/Users/axeel/Desktop/alarm/Alarm_Master/Keyboard_Driver" -I"C:/Users/axeel/Desktop/alarm/Alarm_Master/LCD_Driver" -I"C:/Users/axeel/Desktop/alarm/Alarm_Master/Display" -I"C:/Users/axeel/Desktop/alarm/Alarm_Master/State_Machine" -I"C:/Users/axeel/Desktop/alarm/Alarm_Master/Expander" -I"C:/Users/axeel/Desktop/alarm/Alarm_Master/Flash_Interface" -I"C:/Users/axeel/Desktop/alarm/Alarm_Master/SIM800L_Driver" -O0 -ffunction-sections -fdata-sections -Wall -fstack-usage -fcyclomatic-complexity -MMD -MP -MF"Drivers/STM32F4xx_HAL_Driver/Src/stm32f4xx_hal_uart.d" -MT"Drivers/STM32F4xx_HAL_Driver/Src/stm32f4xx_hal_uart.o" --specs=nano.specs -mfpu=fpv4-sp-d16 -mfloat-abi=hard -mthumb -o "Drivers/STM32F4xx_HAL_Driver/Src/stm32f4xx_hal_uart.o"
arm-none-eabi-gcc "../Display/display.c" -mcpu=cortex-m4 -std=gnu11 -g3 -DDEBUG -DUSE_HAL_DRIVER -DSTM32F411xE -c -I../Core/Inc -I../Drivers/STM32F4xx_HAL_Driver/Inc -I../Drivers/STM32F4xx_HAL_Driver/Inc/Legacy -I../Drivers/CMSIS/Device/ST/STM32F4xx/Include -I../Drivers/CMSIS/Include -I"C:/Users/axeel/Desktop/alarm/Alarm_Master/Keyboard_Driver" -I"C:/Users/axeel/Desktop/alarm/Alarm_Master/LCD_Driver" -I"C:/Users/axeel/Desktop/alarm/Alarm_Master/Display" -I"C:/Users/axeel/Desktop/alarm/Alarm_Master/State_Machine" -I"C:/Users/axeel/Desktop/alarm/Alarm_Master/Expander" -I"C:/Users/axeel/Desktop/alarm/Alarm_Master/Flash_Interface" -I"C:/Users/axeel/Desktop/alarm/Alarm_Master/SIM800L_Driver" -O0 -ffunction-sections -fdata-sections -Wall -fstack-usage -fcyclomatic-complexity -MMD -MP -MF"Display/display.d" -MT"Display/display.o" --specs=nano.specs -mfpu=fpv4-sp-d16 -mfloat-abi=hard -mthumb -o "Display/display.o"
arm-none-eabi-gcc "../Core/Src/main.c" -mcpu=cortex-m4 -std=gnu11 -g3 -DDEBUG -DUSE_HAL_DRIVER -DSTM32F411xE -c -I../Core/Inc -I../Drivers/STM32F4xx_HAL_Driver/Inc -I../Drivers/STM32F4xx_HAL_Driver/Inc/Legacy -I../Drivers/CMSIS/Device/ST/STM32F4xx/Include -I../Drivers/CMSIS/Include -I"C:/Users/axeel/Desktop/alarm/Alarm_Master/Keyboard_Driver" -I"C:/Users/axeel/Desktop/alarm/Alarm_Master/LCD_Driver" -I"C:/Users/axeel/Desktop/alarm/Alarm_Master/Display" -I"C:/Users/axeel/Desktop/alarm/Alarm_Master/State_Machine" -I"C:/Users/axeel/Desktop/alarm/Alarm_Master/Expander" -I"C:/Users/axeel/Desktop/alarm/Alarm_Master/Flash_Interface" -I"C:/Users/axeel/Desktop/alarm/Alarm_Master/SIM800L_Driver" -O0 -ffunction-sections -fdata-sections -Wall -fstack-usage -fcyclomatic-complexity -MMD -MP -MF"Core/Src/main.d" -MT"Core/Src/main.o" --specs=nano.specs -mfpu=fpv4-sp-d16 -mfloat-abi=hard -mthumb -o "Core/Src/main.o"
arm-none-eabi-gcc "../Core/Src/stm32f4xx_hal_msp.c" -mcpu=cortex-m4 -std=gnu11 -g3 -DDEBUG -DUSE_HAL_DRIVER -DSTM32F411xE -c -I../Core/Inc -I../Drivers/STM32F4xx_HAL_Driver/Inc -I../Drivers/STM32F4xx_HAL_Driver/Inc/Legacy -I../Drivers/CMSIS/Device/ST/STM32F4xx/Include -I../Drivers/CMSIS/Include -I"C:/Users/axeel/Desktop/alarm/Alarm_Master/Keyboard_Driver" -I"C:/Users/axeel/Desktop/alarm/Alarm_Master/LCD_Driver" -I"C:/Users/axeel/Desktop/alarm/Alarm_Master/Display" -I"C:/Users/axeel/Desktop/alarm/Alarm_Master/State_Machine" -I"C:/Users/axeel/Desktop/alarm/Alarm_Master/Expander" -I"C:/Users/axeel/Desktop/alarm/Alarm_Master/Flash_Interface" -I"C:/Users/axeel/Desktop/alarm/Alarm_Master/SIM800L_Driver" -O0 -ffunction-sections -fdata-sections -Wall -fstack-usage -fcyclomatic-complexity -MMD -MP -MF"Core/Src/stm32f4xx_hal_msp.d" -MT"Core/Src/stm32f4xx_hal_msp.o" --specs=nano.specs -mfpu=fpv4-sp-d16 -mfloat-abi=hard -mthumb -o "Core/Src/stm32f4xx_hal_msp.o"
arm-none-eabi-gcc "../Core/Src/stm32f4xx_it.c" -mcpu=cortex-m4 -std=gnu11 -g3 -DDEBUG -DUSE_HAL_DRIVER -DSTM32F411xE -c -I../Core/Inc -I../Drivers/STM32F4xx_HAL_Driver/Inc -I../Drivers/STM32F4xx_HAL_Driver/Inc/Legacy -I../Drivers/CMSIS/Device/ST/STM32F4xx/Include -I../Drivers/CMSIS/Include -I"C:/Users/axeel/Desktop/alarm/Alarm_Master/Keyboard_Driver" -I"C:/Users/axeel/Desktop/alarm/Alarm_Master/LCD_Driver" -I"C:/Users/axeel/Desktop/alarm/Alarm_Master/Display" -I"C:/Users/axeel/Desktop/alarm/Alarm_Master/State_Machine" -I"C:/Users/axeel/Desktop/alarm/Alarm_Master/Expander" -I"C:/Users/axeel/Desktop/alarm/Alarm_Master/Flash_Interface" -I"C:/Users/axeel/Desktop/alarm/Alarm_Master/SIM800L_Driver" -O0 -ffunction-sections -fdata-sections -Wall -fstack-usage -fcyclomatic-complexity -MMD -MP -MF"Core/Src/stm32f4xx_it.d" -MT"Core/Src/stm32f4xx_it.o" --specs=nano.specs -mfpu=fpv4-sp-d16 -mfloat-abi=hard -mthumb -o "Core/Src/stm32f4xx_it.o"
arm-none-eabi-gcc "../Core/Src/syscalls.c" -mcpu=cortex-m4 -std=gnu11 -g3 -DDEBUG -DUSE_HAL_DRIVER -DSTM32F411xE -c -I../Core/Inc -I../Drivers/STM32F4xx_HAL_Driver/Inc -I../Drivers/STM32F4xx_HAL_Driver/Inc/Legacy -I../Drivers/CMSIS/Device/ST/STM32F4xx/Include -I../Drivers/CMSIS/Include -I"C:/Users/axeel/Desktop/alarm/Alarm_Master/Keyboard_Driver" -I"C:/Users/axeel/Desktop/alarm/Alarm_Master/LCD_Driver" -I"C:/Users/axeel/Desktop/alarm/Alarm_Master/Display" -I"C:/Users/axeel/Desktop/alarm/Alarm_Master/State_Machine" -I"C:/Users/axeel/Desktop/alarm/Alarm_Master/Expander" -I"C:/Users/axeel/Desktop/alarm/Alarm_Master/Flash_Interface" -I"C:/Users/axeel/Desktop/alarm/Alarm_Master/SIM800L_Driver" -O0 -ffunction-sections -fdata-sections -Wall -fstack-usage -fcyclomatic-complexity -MMD -MP -MF"Core/Src/syscalls.d" -MT"Core/Src/syscalls.o" --specs=nano.specs -mfpu=fpv4-sp-d16 -mfloat-abi=hard -mthumb -o "Core/Src/syscalls.o"
arm-none-eabi-gcc "../Core/Src/sysmem.c" -mcpu=cortex-m4 -std=gnu11 -g3 -DDEBUG -DUSE_HAL_DRIVER -DSTM32F411xE -c -I../Core/Inc -I../Drivers/STM32F4xx_HAL_Driver/Inc -I../Drivers/STM32F4xx_HAL_Driver/Inc/Legacy -I../Drivers/CMSIS/Device/ST/STM32F4xx/Include -I../Drivers/CMSIS/Include -I"C:/Users/axeel/Desktop/alarm/Alarm_Master/Keyboard_Driver" -I"C:/Users/axeel/Desktop/alarm/Alarm_Master/LCD_Driver" -I"C:/Users/axeel/Desktop/alarm/Alarm_Master/Display" -I"C:/Users/axeel/Desktop/alarm/Alarm_Master/State_Machine" -I"C:/Users/axeel/Desktop/alarm/Alarm_Master/Expander" -I"C:/Users/axeel/Desktop/alarm/Alarm_Master/Flash_Interface" -I"C:/Users/axeel/Desktop/alarm/Alarm_Master/SIM800L_Driver" -O0 -ffunction-sections -fdata-sections -Wall -fstack-usage -fcyclomatic-complexity -MMD -MP -MF"Core/Src/sysmem.d" -MT"Core/Src/sysmem.o" --specs=nano.specs -mfpu=fpv4-sp-d16 -mfloat-abi=hard -mthumb -o "Core/Src/sysmem.o"
arm-none-eabi-gcc "../Core/Src/system_stm32f4xx.c" -mcpu=cortex-m4 -std=gnu11 -g3 -DDEBUG -DUSE_HAL_DRIVER -DSTM32F411xE -c -I../Core/Inc -I../Drivers/STM32F4xx_HAL_Driver/Inc -I../Drivers/STM32F4xx_HAL_Driver/Inc/Legacy -I../Drivers/CMSIS/Device/ST/STM32F4xx/Include -I../Drivers/CMSIS/Include -I"C:/Users/axeel/Desktop/alarm/Alarm_Master/Keyboard_Driver" -I"C:/Users/axeel/Desktop/alarm/Alarm_Master/LCD_Driver" -I"C:/Users/axeel/Desktop/alarm/Alarm_Master/Display" -I"C:/Users/axeel/Desktop/alarm/Alarm_Master/State_Machine" -I"C:/Users/axeel/Desktop/alarm/Alarm_Master/Expander" -I"C:/Users/axeel/Desktop/alarm/Alarm_Master/Flash_Interface" -I"C:/Users/axeel/Desktop/alarm/Alarm_Master/SIM800L_Driver" -O0 -ffunction-sections -fdata-sections -Wall -fstack-usage -fcyclomatic-complexity -MMD -MP -MF"Core/Src/system_stm32f4xx.d" -MT"Core/Src/system_stm32f4xx.o" --specs=nano.specs -mfpu=fpv4-sp-d16 -mfloat-abi=hard -mthumb -o "Core/Src/system_stm32f4xx.o"
arm-none-eabi-gcc -o "Alarm_Master.elf" @"objects.list"   -mcpu=cortex-m4 -T"C:\Users\axeel\Desktop\alarm\Alarm_Master\STM32F411CEUX_FLASH.ld" --specs=nosys.specs -Wl,-Map="Alarm_Master.map" -Wl,--gc-sections -static --specs=nano.specs -mfpu=fpv4-sp-d16 -mfloat-abi=hard -mthumb -Wl,--start-group -lc -lm -Wl,--end-group
Finished building target: Alarm_Master.elf
 
arm-none-eabi-size  Alarm_Master.elf 
arm-none-eabi-objdump -h -S Alarm_Master.elf  > "Alarm_Master.list"
   text	   data	    bss	    dec	    hex	filename
  26180	    156	   2532	  28868	   70c4	Alarm_Master.elf
Finished building: default.size.stdout
 
Finished building: Alarm_Master.list
 

15:49:50 Build Finished. 0 errors, 0 warnings. (took 3s.282ms)

