17:48:02 **** Build of configuration Debug for project Alarm_slave ****
make -j12 all 
arm-none-eabi-gcc "../Drivers/STM32U0xx_HAL_Driver/Src/stm32u0xx_hal.c" -mcpu=cortex-m0plus -std=gnu11 -g3 -DDEBUG -DUSE_HAL_DRIVER -DSTM32U031xx -c -I../Core/Inc -I../Drivers/STM32U0xx_HAL_Driver/Inc -I../Drivers/STM32U0xx_HAL_Driver/Inc/Legacy -I../Drivers/CMSIS/Device/ST/STM32U0xx/Include -I../Drivers/CMSIS/Include -O0 -ffunction-sections -fdata-sections -Wall -fstack-usage -fcyclomatic-complexity -MMD -MP -MF"Drivers/STM32U0xx_HAL_Driver/Src/stm32u0xx_hal.d" -MT"Drivers/STM32U0xx_HAL_Driver/Src/stm32u0xx_hal.o" --specs=nano.specs -mfloat-abi=soft -mthumb -o "Drivers/STM32U0xx_HAL_Driver/Src/stm32u0xx_hal.o"
arm-none-eabi-gcc "../Drivers/STM32U0xx_HAL_Driver/Src/stm32u0xx_hal_cortex.c" -mcpu=cortex-m0plus -std=gnu11 -g3 -DDEBUG -DUSE_HAL_DRIVER -DSTM32U031xx -c -I../Core/Inc -I../Drivers/STM32U0xx_HAL_Driver/Inc -I../Drivers/STM32U0xx_HAL_Driver/Inc/Legacy -I../Drivers/CMSIS/Device/ST/STM32U0xx/Include -I../Drivers/CMSIS/Include -O0 -ffunction-sections -fdata-sections -Wall -fstack-usage -fcyclomatic-complexity -MMD -MP -MF"Drivers/STM32U0xx_HAL_Driver/Src/stm32u0xx_hal_cortex.d" -MT"Drivers/STM32U0xx_HAL_Driver/Src/stm32u0xx_hal_cortex.o" --specs=nano.specs -mfloat-abi=soft -mthumb -o "Drivers/STM32U0xx_HAL_Driver/Src/stm32u0xx_hal_cortex.o"
arm-none-eabi-gcc "../Drivers/STM32U0xx_HAL_Driver/Src/stm32u0xx_hal_dma.c" -mcpu=cortex-m0plus -std=gnu11 -g3 -DDEBUG -DUSE_HAL_DRIVER -DSTM32U031xx -c -I../Core/Inc -I../Drivers/STM32U0xx_HAL_Driver/Inc -I../Drivers/STM32U0xx_HAL_Driver/Inc/Legacy -I../Drivers/CMSIS/Device/ST/STM32U0xx/Include -I../Drivers/CMSIS/Include -O0 -ffunction-sections -fdata-sections -Wall -fstack-usage -fcyclomatic-complexity -MMD -MP -MF"Drivers/STM32U0xx_HAL_Driver/Src/stm32u0xx_hal_dma.d" -MT"Drivers/STM32U0xx_HAL_Driver/Src/stm32u0xx_hal_dma.o" --specs=nano.specs -mfloat-abi=soft -mthumb -o "Drivers/STM32U0xx_HAL_Driver/Src/stm32u0xx_hal_dma.o"
arm-none-eabi-gcc "../Drivers/STM32U0xx_HAL_Driver/Src/stm32u0xx_hal_dma_ex.c" -mcpu=cortex-m0plus -std=gnu11 -g3 -DDEBUG -DUSE_HAL_DRIVER -DSTM32U031xx -c -I../Core/Inc -I../Drivers/STM32U0xx_HAL_Driver/Inc -I../Drivers/STM32U0xx_HAL_Driver/Inc/Legacy -I../Drivers/CMSIS/Device/ST/STM32U0xx/Include -I../Drivers/CMSIS/Include -O0 -ffunction-sections -fdata-sections -Wall -fstack-usage -fcyclomatic-complexity -MMD -MP -MF"Drivers/STM32U0xx_HAL_Driver/Src/stm32u0xx_hal_dma_ex.d" -MT"Drivers/STM32U0xx_HAL_Driver/Src/stm32u0xx_hal_dma_ex.o" --specs=nano.specs -mfloat-abi=soft -mthumb -o "Drivers/STM32U0xx_HAL_Driver/Src/stm32u0xx_hal_dma_ex.o"
arm-none-eabi-gcc "../Drivers/STM32U0xx_HAL_Driver/Src/stm32u0xx_hal_exti.c" -mcpu=cortex-m0plus -std=gnu11 -g3 -DDEBUG -DUSE_HAL_DRIVER -DSTM32U031xx -c -I../Core/Inc -I../Drivers/STM32U0xx_HAL_Driver/Inc -I../Drivers/STM32U0xx_HAL_Driver/Inc/Legacy -I../Drivers/CMSIS/Device/ST/STM32U0xx/Include -I../Drivers/CMSIS/Include -O0 -ffunction-sections -fdata-sections -Wall -fstack-usage -fcyclomatic-complexity -MMD -MP -MF"Drivers/STM32U0xx_HAL_Driver/Src/stm32u0xx_hal_exti.d" -MT"Drivers/STM32U0xx_HAL_Driver/Src/stm32u0xx_hal_exti.o" --specs=nano.specs -mfloat-abi=soft -mthumb -o "Drivers/STM32U0xx_HAL_Driver/Src/stm32u0xx_hal_exti.o"
arm-none-eabi-gcc "../Drivers/STM32U0xx_HAL_Driver/Src/stm32u0xx_hal_flash.c" -mcpu=cortex-m0plus -std=gnu11 -g3 -DDEBUG -DUSE_HAL_DRIVER -DSTM32U031xx -c -I../Core/Inc -I../Drivers/STM32U0xx_HAL_Driver/Inc -I../Drivers/STM32U0xx_HAL_Driver/Inc/Legacy -I../Drivers/CMSIS/Device/ST/STM32U0xx/Include -I../Drivers/CMSIS/Include -O0 -ffunction-sections -fdata-sections -Wall -fstack-usage -fcyclomatic-complexity -MMD -MP -MF"Drivers/STM32U0xx_HAL_Driver/Src/stm32u0xx_hal_flash.d" -MT"Drivers/STM32U0xx_HAL_Driver/Src/stm32u0xx_hal_flash.o" --specs=nano.specs -mfloat-abi=soft -mthumb -o "Drivers/STM32U0xx_HAL_Driver/Src/stm32u0xx_hal_flash.o"
arm-none-eabi-gcc "../Drivers/STM32U0xx_HAL_Driver/Src/stm32u0xx_hal_flash_ex.c" -mcpu=cortex-m0plus -std=gnu11 -g3 -DDEBUG -DUSE_HAL_DRIVER -DSTM32U031xx -c -I../Core/Inc -I../Drivers/STM32U0xx_HAL_Driver/Inc -I../Drivers/STM32U0xx_HAL_Driver/Inc/Legacy -I../Drivers/CMSIS/Device/ST/STM32U0xx/Include -I../Drivers/CMSIS/Include -O0 -ffunction-sections -fdata-sections -Wall -fstack-usage -fcyclomatic-complexity -MMD -MP -MF"Drivers/STM32U0xx_HAL_Driver/Src/stm32u0xx_hal_flash_ex.d" -MT"Drivers/STM32U0xx_HAL_Driver/Src/stm32u0xx_hal_flash_ex.o" --specs=nano.specs -mfloat-abi=soft -mthumb -o "Drivers/STM32U0xx_HAL_Driver/Src/stm32u0xx_hal_flash_ex.o"
arm-none-eabi-gcc "../Drivers/STM32U0xx_HAL_Driver/Src/stm32u0xx_hal_gpio.c" -mcpu=cortex-m0plus -std=gnu11 -g3 -DDEBUG -DUSE_HAL_DRIVER -DSTM32U031xx -c -I../Core/Inc -I../Drivers/STM32U0xx_HAL_Driver/Inc -I../Drivers/STM32U0xx_HAL_Driver/Inc/Legacy -I../Drivers/CMSIS/Device/ST/STM32U0xx/Include -I../Drivers/CMSIS/Include -O0 -ffunction-sections -fdata-sections -Wall -fstack-usage -fcyclomatic-complexity -MMD -MP -MF"Drivers/STM32U0xx_HAL_Driver/Src/stm32u0xx_hal_gpio.d" -MT"Drivers/STM32U0xx_HAL_Driver/Src/stm32u0xx_hal_gpio.o" --specs=nano.specs -mfloat-abi=soft -mthumb -o "Drivers/STM32U0xx_HAL_Driver/Src/stm32u0xx_hal_gpio.o"
arm-none-eabi-gcc "../Drivers/STM32U0xx_HAL_Driver/Src/stm32u0xx_hal_pwr.c" -mcpu=cortex-m0plus -std=gnu11 -g3 -DDEBUG -DUSE_HAL_DRIVER -DSTM32U031xx -c -I../Core/Inc -I../Drivers/STM32U0xx_HAL_Driver/Inc -I../Drivers/STM32U0xx_HAL_Driver/Inc/Legacy -I../Drivers/CMSIS/Device/ST/STM32U0xx/Include -I../Drivers/CMSIS/Include -O0 -ffunction-sections -fdata-sections -Wall -fstack-usage -fcyclomatic-complexity -MMD -MP -MF"Drivers/STM32U0xx_HAL_Driver/Src/stm32u0xx_hal_pwr.d" -MT"Drivers/STM32U0xx_HAL_Driver/Src/stm32u0xx_hal_pwr.o" --specs=nano.specs -mfloat-abi=soft -mthumb -o "Drivers/STM32U0xx_HAL_Driver/Src/stm32u0xx_hal_pwr.o"
arm-none-eabi-gcc "../Drivers/STM32U0xx_HAL_Driver/Src/stm32u0xx_hal_pwr_ex.c" -mcpu=cortex-m0plus -std=gnu11 -g3 -DDEBUG -DUSE_HAL_DRIVER -DSTM32U031xx -c -I../Core/Inc -I../Drivers/STM32U0xx_HAL_Driver/Inc -I../Drivers/STM32U0xx_HAL_Driver/Inc/Legacy -I../Drivers/CMSIS/Device/ST/STM32U0xx/Include -I../Drivers/CMSIS/Include -O0 -ffunction-sections -fdata-sections -Wall -fstack-usage -fcyclomatic-complexity -MMD -MP -MF"Drivers/STM32U0xx_HAL_Driver/Src/stm32u0xx_hal_pwr_ex.d" -MT"Drivers/STM32U0xx_HAL_Driver/Src/stm32u0xx_hal_pwr_ex.o" --specs=nano.specs -mfloat-abi=soft -mthumb -o "Drivers/STM32U0xx_HAL_Driver/Src/stm32u0xx_hal_pwr_ex.o"
arm-none-eabi-gcc "../Drivers/STM32U0xx_HAL_Driver/Src/stm32u0xx_hal_rcc.c" -mcpu=cortex-m0plus -std=gnu11 -g3 -DDEBUG -DUSE_HAL_DRIVER -DSTM32U031xx -c -I../Core/Inc -I../Drivers/STM32U0xx_HAL_Driver/Inc -I../Drivers/STM32U0xx_HAL_Driver/Inc/Legacy -I../Drivers/CMSIS/Device/ST/STM32U0xx/Include -I../Drivers/CMSIS/Include -O0 -ffunction-sections -fdata-sections -Wall -fstack-usage -fcyclomatic-complexity -MMD -MP -MF"Drivers/STM32U0xx_HAL_Driver/Src/stm32u0xx_hal_rcc.d" -MT"Drivers/STM32U0xx_HAL_Driver/Src/stm32u0xx_hal_rcc.o" --specs=nano.specs -mfloat-abi=soft -mthumb -o "Drivers/STM32U0xx_HAL_Driver/Src/stm32u0xx_hal_rcc.o"
arm-none-eabi-gcc "../Drivers/STM32U0xx_HAL_Driver/Src/stm32u0xx_hal_rcc_ex.c" -mcpu=cortex-m0plus -std=gnu11 -g3 -DDEBUG -DUSE_HAL_DRIVER -DSTM32U031xx -c -I../Core/Inc -I../Drivers/STM32U0xx_HAL_Driver/Inc -I../Drivers/STM32U0xx_HAL_Driver/Inc/Legacy -I../Drivers/CMSIS/Device/ST/STM32U0xx/Include -I../Drivers/CMSIS/Include -O0 -ffunction-sections -fdata-sections -Wall -fstack-usage -fcyclomatic-complexity -MMD -MP -MF"Drivers/STM32U0xx_HAL_Driver/Src/stm32u0xx_hal_rcc_ex.d" -MT"Drivers/STM32U0xx_HAL_Driver/Src/stm32u0xx_hal_rcc_ex.o" --specs=nano.specs -mfloat-abi=soft -mthumb -o "Drivers/STM32U0xx_HAL_Driver/Src/stm32u0xx_hal_rcc_ex.o"
arm-none-eabi-gcc "../Drivers/STM32U0xx_HAL_Driver/Src/stm32u0xx_hal_spi.c" -mcpu=cortex-m0plus -std=gnu11 -g3 -DDEBUG -DUSE_HAL_DRIVER -DSTM32U031xx -c -I../Core/Inc -I../Drivers/STM32U0xx_HAL_Driver/Inc -I../Drivers/STM32U0xx_HAL_Driver/Inc/Legacy -I../Drivers/CMSIS/Device/ST/STM32U0xx/Include -I../Drivers/CMSIS/Include -O0 -ffunction-sections -fdata-sections -Wall -fstack-usage -fcyclomatic-complexity -MMD -MP -MF"Drivers/STM32U0xx_HAL_Driver/Src/stm32u0xx_hal_spi.d" -MT"Drivers/STM32U0xx_HAL_Driver/Src/stm32u0xx_hal_spi.o" --specs=nano.specs -mfloat-abi=soft -mthumb -o "Drivers/STM32U0xx_HAL_Driver/Src/stm32u0xx_hal_spi.o"
arm-none-eabi-gcc "../Drivers/STM32U0xx_HAL_Driver/Src/stm32u0xx_hal_spi_ex.c" -mcpu=cortex-m0plus -std=gnu11 -g3 -DDEBUG -DUSE_HAL_DRIVER -DSTM32U031xx -c -I../Core/Inc -I../Drivers/STM32U0xx_HAL_Driver/Inc -I../Drivers/STM32U0xx_HAL_Driver/Inc/Legacy -I../Drivers/CMSIS/Device/ST/STM32U0xx/Include -I../Drivers/CMSIS/Include -O0 -ffunction-sections -fdata-sections -Wall -fstack-usage -fcyclomatic-complexity -MMD -MP -MF"Drivers/STM32U0xx_HAL_Driver/Src/stm32u0xx_hal_spi_ex.d" -MT"Drivers/STM32U0xx_HAL_Driver/Src/stm32u0xx_hal_spi_ex.o" --specs=nano.specs -mfloat-abi=soft -mthumb -o "Drivers/STM32U0xx_HAL_Driver/Src/stm32u0xx_hal_spi_ex.o"
arm-none-eabi-gcc "../Drivers/STM32U0xx_HAL_Driver/Src/stm32u0xx_hal_tim.c" -mcpu=cortex-m0plus -std=gnu11 -g3 -DDEBUG -DUSE_HAL_DRIVER -DSTM32U031xx -c -I../Core/Inc -I../Drivers/STM32U0xx_HAL_Driver/Inc -I../Drivers/STM32U0xx_HAL_Driver/Inc/Legacy -I../Drivers/CMSIS/Device/ST/STM32U0xx/Include -I../Drivers/CMSIS/Include -O0 -ffunction-sections -fdata-sections -Wall -fstack-usage -fcyclomatic-complexity -MMD -MP -MF"Drivers/STM32U0xx_HAL_Driver/Src/stm32u0xx_hal_tim.d" -MT"Drivers/STM32U0xx_HAL_Driver/Src/stm32u0xx_hal_tim.o" --specs=nano.specs -mfloat-abi=soft -mthumb -o "Drivers/STM32U0xx_HAL_Driver/Src/stm32u0xx_hal_tim.o"
arm-none-eabi-gcc "../Drivers/STM32U0xx_HAL_Driver/Src/stm32u0xx_hal_tim_ex.c" -mcpu=cortex-m0plus -std=gnu11 -g3 -DDEBUG -DUSE_HAL_DRIVER -DSTM32U031xx -c -I../Core/Inc -I../Drivers/STM32U0xx_HAL_Driver/Inc -I../Drivers/STM32U0xx_HAL_Driver/Inc/Legacy -I../Drivers/CMSIS/Device/ST/STM32U0xx/Include -I../Drivers/CMSIS/Include -O0 -ffunction-sections -fdata-sections -Wall -fstack-usage -fcyclomatic-complexity -MMD -MP -MF"Drivers/STM32U0xx_HAL_Driver/Src/stm32u0xx_hal_tim_ex.d" -MT"Drivers/STM32U0xx_HAL_Driver/Src/stm32u0xx_hal_tim_ex.o" --specs=nano.specs -mfloat-abi=soft -mthumb -o "Drivers/STM32U0xx_HAL_Driver/Src/stm32u0xx_hal_tim_ex.o"
arm-none-eabi-gcc "../Drivers/STM32U0xx_HAL_Driver/Src/stm32u0xx_hal_uart.c" -mcpu=cortex-m0plus -std=gnu11 -g3 -DDEBUG -DUSE_HAL_DRIVER -DSTM32U031xx -c -I../Core/Inc -I../Drivers/STM32U0xx_HAL_Driver/Inc -I../Drivers/STM32U0xx_HAL_Driver/Inc/Legacy -I../Drivers/CMSIS/Device/ST/STM32U0xx/Include -I../Drivers/CMSIS/Include -O0 -ffunction-sections -fdata-sections -Wall -fstack-usage -fcyclomatic-complexity -MMD -MP -MF"Drivers/STM32U0xx_HAL_Driver/Src/stm32u0xx_hal_uart.d" -MT"Drivers/STM32U0xx_HAL_Driver/Src/stm32u0xx_hal_uart.o" --specs=nano.specs -mfloat-abi=soft -mthumb -o "Drivers/STM32U0xx_HAL_Driver/Src/stm32u0xx_hal_uart.o"
arm-none-eabi-gcc "../Drivers/STM32U0xx_HAL_Driver/Src/stm32u0xx_hal_uart_ex.c" -mcpu=cortex-m0plus -std=gnu11 -g3 -DDEBUG -DUSE_HAL_DRIVER -DSTM32U031xx -c -I../Core/Inc -I../Drivers/STM32U0xx_HAL_Driver/Inc -I../Drivers/STM32U0xx_HAL_Driver/Inc/Legacy -I../Drivers/CMSIS/Device/ST/STM32U0xx/Include -I../Drivers/CMSIS/Include -O0 -ffunction-sections -fdata-sections -Wall -fstack-usage -fcyclomatic-complexity -MMD -MP -MF"Drivers/STM32U0xx_HAL_Driver/Src/stm32u0xx_hal_uart_ex.d" -MT"Drivers/STM32U0xx_HAL_Driver/Src/stm32u0xx_hal_uart_ex.o" --specs=nano.specs -mfloat-abi=soft -mthumb -o "Drivers/STM32U0xx_HAL_Driver/Src/stm32u0xx_hal_uart_ex.o"
arm-none-eabi-gcc -o "Alarm_slave.elf" @"objects.list"   -mcpu=cortex-m0plus -T"C:\Users\axeel\Desktop\alarm\Alarm_slave\STM32U031R8TX_FLASH.ld" --specs=nosys.specs -Wl,-Map="Alarm_slave.map" -Wl,--gc-sections -static --specs=nano.specs -mfloat-abi=soft -mthumb -Wl,--start-group -lc -lm -Wl,--end-group
Finished building target: Alarm_slave.elf
 
arm-none-eabi-size  Alarm_slave.elf 
arm-none-eabi-objdump -h -S Alarm_slave.elf  > "Alarm_slave.list"
   text	   data	    bss	    dec	    hex	filename
  27176	    104	   2152	  29432	   72f8	Alarm_slave.elf
Finished building: default.size.stdout
 
Finished building: Alarm_slave.list
 

17:48:04 Build Finished. 0 errors, 0 warnings. (took 2s.70ms)

