21:23:08 **** Incremental Build of configuration Debug for project Alarm_slave ****
make -j12 all 
arm-none-eabi-gcc "../Core/Src/main.c" -mcpu=cortex-m0plus -std=gnu11 -g3 -DDEBUG -DUSE_HAL_DRIVER -DSTM32U031xx -c -I../Core/Inc -I../Drivers/STM32U0xx_HAL_Driver/Inc -I../Drivers/STM32U0xx_HAL_Driver/Inc/Legacy -I../Drivers/CMSIS/Device/ST/STM32U0xx/Include -I../Drivers/CMSIS/Include -O0 -ffunction-sections -fdata-sections -Wall -fstack-usage -fcyclomatic-complexity -MMD -MP -MF"Core/Src/main.d" -MT"Core/Src/main.o" --specs=nano.specs -mfloat-abi=soft -mthumb -o "Core/Src/main.o"
arm-none-eabi-gcc -o "Alarm_slave.elf" @"objects.list"   -mcpu=cortex-m0plus -T"C:\Users\axeel\Desktop\alarm\Alarm_slave\STM32U031R8TX_FLASH.ld" --specs=nosys.specs -Wl,-Map="Alarm_slave.map" -Wl,--gc-sections -static --specs=nano.specs -mfloat-abi=soft -mthumb -Wl,--start-group -lc -lm -Wl,--end-group
Finished building target: Alarm_slave.elf
 
arm-none-eabi-size  Alarm_slave.elf 
arm-none-eabi-objdump -h -S Alarm_slave.elf  > "Alarm_slave.list"
   text	   data	    bss	    dec	    hex	filename
  27176	    104	   2152	  29432	   72f8	Alarm_slave.elf
Finished building: default.size.stdout
 
Finished building: Alarm_slave.list
 

21:23:09 Build Finished. 0 errors, 0 warnings. (took 708ms)

