19:53:30 **** Incremental Build of configuration Debug for project Alarm_slave ****
make -j12 all 
arm-none-eabi-gcc "../Core/Src/main.c" -mcpu=cortex-m0plus -std=gnu11 -g3 -DDEBUG -DUSE_HAL_DRIVER -DSTM32U031xx -c -I../Core/Inc -I../Drivers/STM32U0xx_HAL_Driver/Inc -I../Drivers/STM32U0xx_HAL_Driver/Inc/Legacy -I../Drivers/CMSIS/Device/ST/STM32U0xx/Include -I../Drivers/CMSIS/Include -O0 -ffunction-sections -fdata-sections -Wall -fstack-usage -fcyclomatic-complexity -MMD -MP -MF"Core/Src/main.d" -MT"Core/Src/main.o" --specs=nano.specs -mfloat-abi=soft -mthumb -o "Core/Src/main.o"
arm-none-eabi-gcc -o "Alarm_slave.elf" @"objects.list"   -mcpu=cortex-m0plus -T"C:\Users\axeel\Desktop\alarm\Alarm_slave\STM32U031R8TX_FLASH.ld" --specs=nosys.specs -Wl,-Map="Alarm_slave.map" -Wl,--gc-sections -static --specs=nano.specs -mfloat-abi=soft -mthumb -Wl,--start-group -lc -lm -Wl,--end-group
Finished building target: Alarm_slave.elf
 
arm-none-eabi-size  Alarm_slave.elf 
arm-none-eabi-objdump -h -S Alarm_slave.elf  > "Alarm_slave.list"
   text	   data	    bss	    dec	    hex	filename
  26732	    104	   2152	  28988	   713c	Alarm_slave.elf
Finished building: default.size.stdout
 
Finished building: Alarm_slave.list
 
19:53:34 **** Incremental Build of configuration Debug for project Alarm_Master ****
make -j12 all 
arm-none-eabi-gcc "../Core/Src/main.c" -mcpu=cortex-m4 -std=gnu11 -g3 -DDEBUG -DUSE_HAL_DRIVER -DSTM32F411xE -c -I../Core/Inc -I../Drivers/STM32F4xx_HAL_Driver/Inc -I"C:/Users/axeel/Desktop/alarm/Alarm_Master/Keyboard_Driver" -I../Drivers/STM32F4xx_HAL_Driver/Inc/Legacy -I../Drivers/CMSIS/Device/ST/STM32F4xx/Include -I../Drivers/CMSIS/Include -I"C:/Users/axeel/Desktop/alarm/Alarm_Master/LCD_Driver" -I"C:/Users/axeel/Desktop/alarm/Alarm_Master/Display" -I"C:/Users/axeel/Desktop/alarm/Alarm_Master/State_Machine" -I"C:/Users/axeel/Desktop/alarm/Alarm_Master/Flash_Interface" -O0 -ffunction-sections -fdata-sections -Wall -fstack-usage -fcyclomatic-complexity -MMD -MP -MF"Core/Src/main.d" -MT"Core/Src/main.o" --specs=nano.specs -mfpu=fpv4-sp-d16 -mfloat-abi=hard -mthumb -o "Core/Src/main.o"
../Core/Src/main.c: In function 'main':
../Core/Src/main.c:583:8: warning: unused variable 'x' [-Wunused-variable]
  583 |   char x;
      |        ^
arm-none-eabi-gcc -o "Alarm_Master.elf" @"objects.list"   -mcpu=cortex-m4 -T"C:\Users\axeel\Desktop\alarm\Alarm_Master\STM32F411CEUX_FLASH.ld" --specs=nosys.specs -Wl,-Map="Alarm_Master.map" -Wl,--gc-sections -static --specs=nano.specs -mfpu=fpv4-sp-d16 -mfloat-abi=hard -mthumb -Wl,--start-group -lc -lm -Wl,--end-group
Finished building target: Alarm_Master.elf
 
arm-none-eabi-size  Alarm_Master.elf 
arm-none-eabi-objdump -h -S Alarm_Master.elf  > "Alarm_Master.list"
   text	   data	    bss	    dec	    hex	filename
  21968	    104	   2296	  24368	   5f30	Alarm_Master.elf
Finished building: default.size.stdout
 
Finished building: Alarm_Master.list
 
19:53:35 **** Incremental Build of configuration Debug for project Alarm_slave ****
make -j12 all 
arm-none-eabi-size  Alarm_slave.elf 
   text	   data	    bss	    dec	    hex	filename
  26732	    104	   2152	  28988	   713c	Alarm_slave.elf
Finished building: default.size.stdout
 
19:53:41 **** Incremental Build of configuration Debug for project Alarm_Master ****
make -j12 all 
arm-none-eabi-size  Alarm_Master.elf 
   text	   data	    bss	    dec	    hex	filename
  21968	    104	   2296	  24368	   5f30	Alarm_Master.elf
Finished building: default.size.stdout
 
19:53:57 **** Incremental Build of configuration Debug for project Alarm_slave ****
make -j12 all 
arm-none-eabi-size  Alarm_slave.elf 
   text	   data	    bss	    dec	    hex	filename
  26732	    104	   2152	  28988	   713c	Alarm_slave.elf
Finished building: default.size.stdout
 
20:00:20 **** Incremental Build of configuration Debug for project Alarm_slave ****
make -j12 all 
arm-none-eabi-size  Alarm_slave.elf 
   text	   data	    bss	    dec	    hex	filename
  26732	    104	   2152	  28988	   713c	Alarm_slave.elf
Finished building: default.size.stdout
 
20:06:44 **** Incremental Build of configuration Debug for project Alarm_slave ****
make -j12 all 
arm-none-eabi-gcc "../Core/Src/main.c" -mcpu=cortex-m0plus -std=gnu11 -g3 -DDEBUG -DUSE_HAL_DRIVER -DSTM32U031xx -c -I../Core/Inc -I../Drivers/STM32U0xx_HAL_Driver/Inc -I../Drivers/STM32U0xx_HAL_Driver/Inc/Legacy -I../Drivers/CMSIS/Device/ST/STM32U0xx/Include -I../Drivers/CMSIS/Include -O0 -ffunction-sections -fdata-sections -Wall -fstack-usage -fcyclomatic-complexity -MMD -MP -MF"Core/Src/main.d" -MT"Core/Src/main.o" --specs=nano.specs -mfloat-abi=soft -mthumb -o "Core/Src/main.o"
arm-none-eabi-gcc -o "Alarm_slave.elf" @"objects.list"   -mcpu=cortex-m0plus -T"C:\Users\axeel\Desktop\alarm\Alarm_slave\STM32U031R8TX_FLASH.ld" --specs=nosys.specs -Wl,-Map="Alarm_slave.map" -Wl,--gc-sections -static --specs=nano.specs -mfloat-abi=soft -mthumb -Wl,--start-group -lc -lm -Wl,--end-group
Finished building target: Alarm_slave.elf
 
arm-none-eabi-size  Alarm_slave.elf 
arm-none-eabi-objdump -h -S Alarm_slave.elf  > "Alarm_slave.list"
   text	   data	    bss	    dec	    hex	filename
  26732	    104	   2152	  28988	   713c	Alarm_slave.elf
Finished building: default.size.stdout
 
Finished building: Alarm_slave.list
 
20:11:51 **** Incremental Build of configuration Debug for project Alarm_Master ****
make -j12 all 
arm-none-eabi-size  Alarm_Master.elf 
   text	   data	    bss	    dec	    hex	filename
  21968	    104	   2296	  24368	   5f30	Alarm_Master.elf
Finished building: default.size.stdout
 
20:12:09 **** Incremental Build of configuration Debug for project Alarm_slave ****
make -j12 all 
arm-none-eabi-size  Alarm_slave.elf 
   text	   data	    bss	    dec	    hex	filename
  26732	    104	   2152	  28988	   713c	Alarm_slave.elf
Finished building: default.size.stdout
 
20:17:30 **** Incremental Build of configuration Debug for project Alarm_Master ****
make -j12 all 
arm-none-eabi-gcc "../Core/Src/main.c" -mcpu=cortex-m4 -std=gnu11 -g3 -DDEBUG -DUSE_HAL_DRIVER -DSTM32F411xE -c -I../Core/Inc -I../Drivers/STM32F4xx_HAL_Driver/Inc -I"C:/Users/axeel/Desktop/alarm/Alarm_Master/Keyboard_Driver" -I../Drivers/STM32F4xx_HAL_Driver/Inc/Legacy -I../Drivers/CMSIS/Device/ST/STM32F4xx/Include -I../Drivers/CMSIS/Include -I"C:/Users/axeel/Desktop/alarm/Alarm_Master/LCD_Driver" -I"C:/Users/axeel/Desktop/alarm/Alarm_Master/Display" -I"C:/Users/axeel/Desktop/alarm/Alarm_Master/State_Machine" -I"C:/Users/axeel/Desktop/alarm/Alarm_Master/Flash_Interface" -O0 -ffunction-sections -fdata-sections -Wall -fstack-usage -fcyclomatic-complexity -MMD -MP -MF"Core/Src/main.d" -MT"Core/Src/main.o" --specs=nano.specs -mfpu=fpv4-sp-d16 -mfloat-abi=hard -mthumb -o "Core/Src/main.o"
../Core/Src/main.c: In function 'nrf_read_rx_payload':
../Core/Src/main.c:291:5: error: 'status' undeclared (first use in this function); did you mean 'state'?
  291 |     status = HAL_SPI_TransmitReceive(&hspi2, tx_buf, rx_buf, size + 1, HAL_MAX_DELAY);
      |     ^~~~~~
      |     state
../Core/Src/main.c:291:5: note: each undeclared identifier is reported only once for each function it appears in
../Core/Src/main.c:291:46: error: 'tx_buf' undeclared (first use in this function)
  291 |     status = HAL_SPI_TransmitReceive(&hspi2, tx_buf, rx_buf, size + 1, HAL_MAX_DELAY);
      |                                              ^~~~~~
../Core/Src/main.c:291:54: error: 'rx_buf' undeclared (first use in this function)
  291 |     status = HAL_SPI_TransmitReceive(&hspi2, tx_buf, rx_buf, size + 1, HAL_MAX_DELAY);
      |                                                      ^~~~~~
../Core/Src/main.c:291:62: error: 'size' undeclared (first use in this function); did you mean 'size_t'?
  291 |     status = HAL_SPI_TransmitReceive(&hspi2, tx_buf, rx_buf, size + 1, HAL_MAX_DELAY);
      |                                                              ^~~~
      |                                                              size_t
../Core/Src/main.c:299:85: error: 'reg_addr' undeclared (first use in this function)
  299 |         printf("SPI Error in nrf_write_register: %d for reg 0x%02X\n", (int)status, reg_addr);
      |                                                                                     ^~~~~~~~
../Core/Src/main.c:283:23: warning: unused variable 'spi_status' [-Wunused-variable]
  283 |     HAL_StatusTypeDef spi_status;
      |                       ^~~~~~~~~~
../Core/Src/main.c:282:13: warning: unused variable 'status_at_cmd_time' [-Wunused-variable]
  282 |     uint8_t status_at_cmd_time; // Status byte returned when sending the command
      |             ^~~~~~~~~~~~~~~~~~
../Core/Src/main.c:281:13: warning: unused variable 'cmd' [-Wunused-variable]
  281 |     uint8_t cmd = NRF_CMD_R_RX_PAYLOAD;
      |             ^~~
../Core/Src/main.c: In function 'main':
../Core/Src/main.c:578:8: warning: unused variable 'x' [-Wunused-variable]
  578 |   char x;
      |        ^
../Core/Src/main.c: In function 'nrf_read_rx_payload':
../Core/Src/main.c:302:1: warning: control reaches end of non-void function [-Wreturn-type]
  302 | }
      | ^
make: *** [Core/Src/subdir.mk:34: Core/Src/main.o] Error 1
"make -j12 all" terminated with exit code 2. Build might be incomplete.
20:17:30 **** Incremental Build of configuration Debug for project Alarm_slave ****
make -j12 all 
arm-none-eabi-gcc "../Core/Src/main.c" -mcpu=cortex-m0plus -std=gnu11 -g3 -DDEBUG -DUSE_HAL_DRIVER -DSTM32U031xx -c -I../Core/Inc -I../Drivers/STM32U0xx_HAL_Driver/Inc -I../Drivers/STM32U0xx_HAL_Driver/Inc/Legacy -I../Drivers/CMSIS/Device/ST/STM32U0xx/Include -I../Drivers/CMSIS/Include -O0 -ffunction-sections -fdata-sections -Wall -fstack-usage -fcyclomatic-complexity -MMD -MP -MF"Core/Src/main.d" -MT"Core/Src/main.o" --specs=nano.specs -mfloat-abi=soft -mthumb -o "Core/Src/main.o"
arm-none-eabi-gcc -o "Alarm_slave.elf" @"objects.list"   -mcpu=cortex-m0plus -T"C:\Users\axeel\Desktop\alarm\Alarm_slave\STM32U031R8TX_FLASH.ld" --specs=nosys.specs -Wl,-Map="Alarm_slave.map" -Wl,--gc-sections -static --specs=nano.specs -mfloat-abi=soft -mthumb -Wl,--start-group -lc -lm -Wl,--end-group
Finished building target: Alarm_slave.elf
 
arm-none-eabi-size  Alarm_slave.elf 
arm-none-eabi-objdump -h -S Alarm_slave.elf  > "Alarm_slave.list"
   text	   data	    bss	    dec	    hex	filename
  26880	    104	   2152	  29136	   71d0	Alarm_slave.elf
Finished building: default.size.stdout
 
Finished building: Alarm_slave.list
 
20:18:03 **** Incremental Build of configuration Debug for project Alarm_Master ****
make -j12 all 
arm-none-eabi-gcc "../Core/Src/main.c" -mcpu=cortex-m4 -std=gnu11 -g3 -DDEBUG -DUSE_HAL_DRIVER -DSTM32F411xE -c -I../Core/Inc -I../Drivers/STM32F4xx_HAL_Driver/Inc -I"C:/Users/axeel/Desktop/alarm/Alarm_Master/Keyboard_Driver" -I../Drivers/STM32F4xx_HAL_Driver/Inc/Legacy -I../Drivers/CMSIS/Device/ST/STM32F4xx/Include -I../Drivers/CMSIS/Include -I"C:/Users/axeel/Desktop/alarm/Alarm_Master/LCD_Driver" -I"C:/Users/axeel/Desktop/alarm/Alarm_Master/Display" -I"C:/Users/axeel/Desktop/alarm/Alarm_Master/State_Machine" -I"C:/Users/axeel/Desktop/alarm/Alarm_Master/Flash_Interface" -O0 -ffunction-sections -fdata-sections -Wall -fstack-usage -fcyclomatic-complexity -MMD -MP -MF"Core/Src/main.d" -MT"Core/Src/main.o" --specs=nano.specs -mfpu=fpv4-sp-d16 -mfloat-abi=hard -mthumb -o "Core/Src/main.o"
../Core/Src/main.c: In function 'main':
../Core/Src/main.c:575:8: warning: unused variable 'x' [-Wunused-variable]
  575 |   char x;
      |        ^
arm-none-eabi-gcc -o "Alarm_Master.elf" @"objects.list"   -mcpu=cortex-m4 -T"C:\Users\axeel\Desktop\alarm\Alarm_Master\STM32F411CEUX_FLASH.ld" --specs=nosys.specs -Wl,-Map="Alarm_Master.map" -Wl,--gc-sections -static --specs=nano.specs -mfpu=fpv4-sp-d16 -mfloat-abi=hard -mthumb -Wl,--start-group -lc -lm -Wl,--end-group
Finished building target: Alarm_Master.elf
 
arm-none-eabi-size  Alarm_Master.elf 
arm-none-eabi-objdump -h -S Alarm_Master.elf  > "Alarm_Master.list"
   text	   data	    bss	    dec	    hex	filename
  21700	    104	   2296	  24100	   5e24	Alarm_Master.elf
Finished building: default.size.stdout
 
Finished building: Alarm_Master.list
 
20:18:04 **** Incremental Build of configuration Debug for project Alarm_slave ****
make -j12 all 
arm-none-eabi-size  Alarm_slave.elf 
   text	   data	    bss	    dec	    hex	filename
  26880	    104	   2152	  29136	   71d0	Alarm_slave.elf
Finished building: default.size.stdout
 
20:18:10 **** Incremental Build of configuration Debug for project Alarm_Master ****
make -j12 all 
arm-none-eabi-size  Alarm_Master.elf 
   text	   data	    bss	    dec	    hex	filename
  21700	    104	   2296	  24100	   5e24	Alarm_Master.elf
Finished building: default.size.stdout
 
20:18:57 **** Incremental Build of configuration Debug for project Alarm_Master ****
make -j12 all 
arm-none-eabi-gcc "../Core/Src/main.c" -mcpu=cortex-m4 -std=gnu11 -g3 -DDEBUG -DUSE_HAL_DRIVER -DSTM32F411xE -c -I../Core/Inc -I../Drivers/STM32F4xx_HAL_Driver/Inc -I"C:/Users/axeel/Desktop/alarm/Alarm_Master/Keyboard_Driver" -I../Drivers/STM32F4xx_HAL_Driver/Inc/Legacy -I../Drivers/CMSIS/Device/ST/STM32F4xx/Include -I../Drivers/CMSIS/Include -I"C:/Users/axeel/Desktop/alarm/Alarm_Master/LCD_Driver" -I"C:/Users/axeel/Desktop/alarm/Alarm_Master/Display" -I"C:/Users/axeel/Desktop/alarm/Alarm_Master/State_Machine" -I"C:/Users/axeel/Desktop/alarm/Alarm_Master/Flash_Interface" -O0 -ffunction-sections -fdata-sections -Wall -fstack-usage -fcyclomatic-complexity -MMD -MP -MF"Core/Src/main.d" -MT"Core/Src/main.o" --specs=nano.specs -mfpu=fpv4-sp-d16 -mfloat-abi=hard -mthumb -o "Core/Src/main.o"
../Core/Src/main.c: In function 'main':
../Core/Src/main.c:573:8: warning: unused variable 'x' [-Wunused-variable]
  573 |   char x;
      |        ^
arm-none-eabi-gcc -o "Alarm_Master.elf" @"objects.list"   -mcpu=cortex-m4 -T"C:\Users\axeel\Desktop\alarm\Alarm_Master\STM32F411CEUX_FLASH.ld" --specs=nosys.specs -Wl,-Map="Alarm_Master.map" -Wl,--gc-sections -static --specs=nano.specs -mfpu=fpv4-sp-d16 -mfloat-abi=hard -mthumb -Wl,--start-group -lc -lm -Wl,--end-group
Finished building target: Alarm_Master.elf
 
arm-none-eabi-size  Alarm_Master.elf 
arm-none-eabi-objdump -h -S Alarm_Master.elf  > "Alarm_Master.list"
   text	   data	    bss	    dec	    hex	filename
  21620	    104	   2296	  24020	   5dd4	Alarm_Master.elf
Finished building: default.size.stdout
 
Finished building: Alarm_Master.list
 
20:19:19 **** Incremental Build of configuration Debug for project Alarm_slave ****
make -j12 all 
arm-none-eabi-size  Alarm_slave.elf 
   text	   data	    bss	    dec	    hex	filename
  26880	    104	   2152	  29136	   71d0	Alarm_slave.elf
Finished building: default.size.stdout
 
20:21:31 **** Incremental Build of configuration Debug for project Alarm_Master ****
make -j12 all 
arm-none-eabi-size  Alarm_Master.elf 
   text	   data	    bss	    dec	    hex	filename
  21620	    104	   2296	  24020	   5dd4	Alarm_Master.elf
Finished building: default.size.stdout
 
20:21:53 **** Incremental Build of configuration Debug for project Alarm_slave ****
make -j12 all 
arm-none-eabi-size  Alarm_slave.elf 
   text	   data	    bss	    dec	    hex	filename
  26880	    104	   2152	  29136	   71d0	Alarm_slave.elf
Finished building: default.size.stdout
 
20:23:32 **** Incremental Build of configuration Debug for project Alarm_slave ****
make -j12 all 
arm-none-eabi-gcc "../Core/Src/main.c" -mcpu=cortex-m0plus -std=gnu11 -g3 -DDEBUG -DUSE_HAL_DRIVER -DSTM32U031xx -c -I../Core/Inc -I../Drivers/STM32U0xx_HAL_Driver/Inc -I../Drivers/STM32U0xx_HAL_Driver/Inc/Legacy -I../Drivers/CMSIS/Device/ST/STM32U0xx/Include -I../Drivers/CMSIS/Include -O0 -ffunction-sections -fdata-sections -Wall -fstack-usage -fcyclomatic-complexity -MMD -MP -MF"Core/Src/main.d" -MT"Core/Src/main.o" --specs=nano.specs -mfloat-abi=soft -mthumb -o "Core/Src/main.o"
arm-none-eabi-gcc -o "Alarm_slave.elf" @"objects.list"   -mcpu=cortex-m0plus -T"C:\Users\axeel\Desktop\alarm\Alarm_slave\STM32U031R8TX_FLASH.ld" --specs=nosys.specs -Wl,-Map="Alarm_slave.map" -Wl,--gc-sections -static --specs=nano.specs -mfloat-abi=soft -mthumb -Wl,--start-group -lc -lm -Wl,--end-group
Finished building target: Alarm_slave.elf
 
arm-none-eabi-size  Alarm_slave.elf 
arm-none-eabi-objdump -h -S Alarm_slave.elf  > "Alarm_slave.list"
   text	   data	    bss	    dec	    hex	filename
  26880	    104	   2152	  29136	   71d0	Alarm_slave.elf
Finished building: default.size.stdout
 
Finished building: Alarm_slave.list
 
20:27:23 **** Incremental Build of configuration Debug for project Alarm_slave ****
make -j12 all 
arm-none-eabi-size  Alarm_slave.elf 
   text	   data	    bss	    dec	    hex	filename
  26880	    104	   2152	  29136	   71d0	Alarm_slave.elf
Finished building: default.size.stdout
 
20:30:07 **** Incremental Build of configuration Debug for project Alarm_slave ****
make -j12 all 
arm-none-eabi-gcc "../Core/Src/main.c" -mcpu=cortex-m0plus -std=gnu11 -g3 -DDEBUG -DUSE_HAL_DRIVER -DSTM32U031xx -c -I../Core/Inc -I../Drivers/STM32U0xx_HAL_Driver/Inc -I../Drivers/STM32U0xx_HAL_Driver/Inc/Legacy -I../Drivers/CMSIS/Device/ST/STM32U0xx/Include -I../Drivers/CMSIS/Include -O0 -ffunction-sections -fdata-sections -Wall -fstack-usage -fcyclomatic-complexity -MMD -MP -MF"Core/Src/main.d" -MT"Core/Src/main.o" --specs=nano.specs -mfloat-abi=soft -mthumb -o "Core/Src/main.o"
arm-none-eabi-gcc -o "Alarm_slave.elf" @"objects.list"   -mcpu=cortex-m0plus -T"C:\Users\axeel\Desktop\alarm\Alarm_slave\STM32U031R8TX_FLASH.ld" --specs=nosys.specs -Wl,-Map="Alarm_slave.map" -Wl,--gc-sections -static --specs=nano.specs -mfloat-abi=soft -mthumb -Wl,--start-group -lc -lm -Wl,--end-group
Finished building target: Alarm_slave.elf
 
arm-none-eabi-size  Alarm_slave.elf 
arm-none-eabi-objdump -h -S Alarm_slave.elf  > "Alarm_slave.list"
   text	   data	    bss	    dec	    hex	filename
  26880	    104	   2152	  29136	   71d0	Alarm_slave.elf
Finished building: default.size.stdout
 
Finished building: Alarm_slave.list
 
20:31:04 **** Incremental Build of configuration Debug for project Alarm_slave ****
make -j12 all 
arm-none-eabi-gcc "../Core/Src/main.c" -mcpu=cortex-m0plus -std=gnu11 -g3 -DDEBUG -DUSE_HAL_DRIVER -DSTM32U031xx -c -I../Core/Inc -I../Drivers/STM32U0xx_HAL_Driver/Inc -I../Drivers/STM32U0xx_HAL_Driver/Inc/Legacy -I../Drivers/CMSIS/Device/ST/STM32U0xx/Include -I../Drivers/CMSIS/Include -O0 -ffunction-sections -fdata-sections -Wall -fstack-usage -fcyclomatic-complexity -MMD -MP -MF"Core/Src/main.d" -MT"Core/Src/main.o" --specs=nano.specs -mfloat-abi=soft -mthumb -o "Core/Src/main.o"
arm-none-eabi-gcc -o "Alarm_slave.elf" @"objects.list"   -mcpu=cortex-m0plus -T"C:\Users\axeel\Desktop\alarm\Alarm_slave\STM32U031R8TX_FLASH.ld" --specs=nosys.specs -Wl,-Map="Alarm_slave.map" -Wl,--gc-sections -static --specs=nano.specs -mfloat-abi=soft -mthumb -Wl,--start-group -lc -lm -Wl,--end-group
Finished building target: Alarm_slave.elf
 
arm-none-eabi-size  Alarm_slave.elf 
arm-none-eabi-objdump -h -S Alarm_slave.elf  > "Alarm_slave.list"
   text	   data	    bss	    dec	    hex	filename
  26880	    104	   2152	  29136	   71d0	Alarm_slave.elf
Finished building: default.size.stdout
 
Finished building: Alarm_slave.list
 
20:34:43 **** Incremental Build of configuration Debug for project Alarm_Master ****
make -j12 all 
arm-none-eabi-size  Alarm_Master.elf 
   text	   data	    bss	    dec	    hex	filename
  21620	    104	   2296	  24020	   5dd4	Alarm_Master.elf
Finished building: default.size.stdout
 
20:41:53 **** Incremental Build of configuration Debug for project Alarm_slave ****
make -j12 all 
arm-none-eabi-gcc "../Core/Src/main.c" -mcpu=cortex-m0plus -std=gnu11 -g3 -DDEBUG -DUSE_HAL_DRIVER -DSTM32U031xx -c -I../Core/Inc -I../Drivers/STM32U0xx_HAL_Driver/Inc -I../Drivers/STM32U0xx_HAL_Driver/Inc/Legacy -I../Drivers/CMSIS/Device/ST/STM32U0xx/Include -I../Drivers/CMSIS/Include -O0 -ffunction-sections -fdata-sections -Wall -fstack-usage -fcyclomatic-complexity -MMD -MP -MF"Core/Src/main.d" -MT"Core/Src/main.o" --specs=nano.specs -mfloat-abi=soft -mthumb -o "Core/Src/main.o"
arm-none-eabi-gcc -o "Alarm_slave.elf" @"objects.list"   -mcpu=cortex-m0plus -T"C:\Users\axeel\Desktop\alarm\Alarm_slave\STM32U031R8TX_FLASH.ld" --specs=nosys.specs -Wl,-Map="Alarm_slave.map" -Wl,--gc-sections -static --specs=nano.specs -mfloat-abi=soft -mthumb -Wl,--start-group -lc -lm -Wl,--end-group
Finished building target: Alarm_slave.elf
 
arm-none-eabi-size  Alarm_slave.elf 
arm-none-eabi-objdump -h -S Alarm_slave.elf  > "Alarm_slave.list"
   text	   data	    bss	    dec	    hex	filename
  26880	    104	   2152	  29136	   71d0	Alarm_slave.elf
Finished building: default.size.stdout
 
Finished building: Alarm_slave.list
 
20:46:56 **** Incremental Build of configuration Debug for project Alarm_slave ****
make -j12 all 
arm-none-eabi-size  Alarm_slave.elf 
   text	   data	    bss	    dec	    hex	filename
  26880	    104	   2152	  29136	   71d0	Alarm_slave.elf
Finished building: default.size.stdout
 
20:47:25 **** Incremental Build of configuration Debug for project Alarm_slave ****
make -j12 all 
arm-none-eabi-gcc "../Core/Src/main.c" -mcpu=cortex-m0plus -std=gnu11 -g3 -DDEBUG -DUSE_HAL_DRIVER -DSTM32U031xx -c -I../Core/Inc -I../Drivers/STM32U0xx_HAL_Driver/Inc -I../Drivers/STM32U0xx_HAL_Driver/Inc/Legacy -I../Drivers/CMSIS/Device/ST/STM32U0xx/Include -I../Drivers/CMSIS/Include -O0 -ffunction-sections -fdata-sections -Wall -fstack-usage -fcyclomatic-complexity -MMD -MP -MF"Core/Src/main.d" -MT"Core/Src/main.o" --specs=nano.specs -mfloat-abi=soft -mthumb -o "Core/Src/main.o"
arm-none-eabi-gcc -o "Alarm_slave.elf" @"objects.list"   -mcpu=cortex-m0plus -T"C:\Users\axeel\Desktop\alarm\Alarm_slave\STM32U031R8TX_FLASH.ld" --specs=nosys.specs -Wl,-Map="Alarm_slave.map" -Wl,--gc-sections -static --specs=nano.specs -mfloat-abi=soft -mthumb -Wl,--start-group -lc -lm -Wl,--end-group
Finished building target: Alarm_slave.elf
 
arm-none-eabi-size  Alarm_slave.elf 
arm-none-eabi-objdump -h -S Alarm_slave.elf  > "Alarm_slave.list"
   text	   data	    bss	    dec	    hex	filename
  26880	    104	   2152	  29136	   71d0	Alarm_slave.elf
Finished building: default.size.stdout
 
Finished building: Alarm_slave.list
 
20:51:49 **** Incremental Build of configuration Debug for project Alarm_slave ****
make -j12 all 
arm-none-eabi-size  Alarm_slave.elf 
   text	   data	    bss	    dec	    hex	filename
  26880	    104	   2152	  29136	   71d0	Alarm_slave.elf
Finished building: default.size.stdout
 
20:52:01 **** Incremental Build of configuration Debug for project Alarm_Master ****
make -j12 all 
arm-none-eabi-size  Alarm_Master.elf 
   text	   data	    bss	    dec	    hex	filename
  21620	    104	   2296	  24020	   5dd4	Alarm_Master.elf
Finished building: default.size.stdout
 
20:52:44 **** Incremental Build of configuration Debug for project Alarm_slave ****
make -j12 all 
arm-none-eabi-size  Alarm_slave.elf 
   text	   data	    bss	    dec	    hex	filename
  26880	    104	   2152	  29136	   71d0	Alarm_slave.elf
Finished building: default.size.stdout
 
20:54:30 **** Incremental Build of configuration Debug for project Alarm_slave ****
make -j12 all 
arm-none-eabi-gcc "../Core/Src/main.c" -mcpu=cortex-m0plus -std=gnu11 -g3 -DDEBUG -DUSE_HAL_DRIVER -DSTM32U031xx -c -I../Core/Inc -I../Drivers/STM32U0xx_HAL_Driver/Inc -I../Drivers/STM32U0xx_HAL_Driver/Inc/Legacy -I../Drivers/CMSIS/Device/ST/STM32U0xx/Include -I../Drivers/CMSIS/Include -O0 -ffunction-sections -fdata-sections -Wall -fstack-usage -fcyclomatic-complexity -MMD -MP -MF"Core/Src/main.d" -MT"Core/Src/main.o" --specs=nano.specs -mfloat-abi=soft -mthumb -o "Core/Src/main.o"
arm-none-eabi-gcc -o "Alarm_slave.elf" @"objects.list"   -mcpu=cortex-m0plus -T"C:\Users\axeel\Desktop\alarm\Alarm_slave\STM32U031R8TX_FLASH.ld" --specs=nosys.specs -Wl,-Map="Alarm_slave.map" -Wl,--gc-sections -static --specs=nano.specs -mfloat-abi=soft -mthumb -Wl,--start-group -lc -lm -Wl,--end-group
Finished building target: Alarm_slave.elf
 
arm-none-eabi-size  Alarm_slave.elf 
arm-none-eabi-objdump -h -S Alarm_slave.elf  > "Alarm_slave.list"
   text	   data	    bss	    dec	    hex	filename
  26880	    104	   2152	  29136	   71d0	Alarm_slave.elf
Finished building: default.size.stdout
 
Finished building: Alarm_slave.list
 
20:56:45 **** Incremental Build of configuration Debug for project Alarm_slave ****
make -j12 all 
arm-none-eabi-gcc "../Core/Src/main.c" -mcpu=cortex-m0plus -std=gnu11 -g3 -DDEBUG -DUSE_HAL_DRIVER -DSTM32U031xx -c -I../Core/Inc -I../Drivers/STM32U0xx_HAL_Driver/Inc -I../Drivers/STM32U0xx_HAL_Driver/Inc/Legacy -I../Drivers/CMSIS/Device/ST/STM32U0xx/Include -I../Drivers/CMSIS/Include -O0 -ffunction-sections -fdata-sections -Wall -fstack-usage -fcyclomatic-complexity -MMD -MP -MF"Core/Src/main.d" -MT"Core/Src/main.o" --specs=nano.specs -mfloat-abi=soft -mthumb -o "Core/Src/main.o"
arm-none-eabi-gcc -o "Alarm_slave.elf" @"objects.list"   -mcpu=cortex-m0plus -T"C:\Users\axeel\Desktop\alarm\Alarm_slave\STM32U031R8TX_FLASH.ld" --specs=nosys.specs -Wl,-Map="Alarm_slave.map" -Wl,--gc-sections -static --specs=nano.specs -mfloat-abi=soft -mthumb -Wl,--start-group -lc -lm -Wl,--end-group
Finished building target: Alarm_slave.elf
 
arm-none-eabi-size  Alarm_slave.elf 
arm-none-eabi-objdump -h -S Alarm_slave.elf  > "Alarm_slave.list"
   text	   data	    bss	    dec	    hex	filename
  26880	    104	   2152	  29136	   71d0	Alarm_slave.elf
Finished building: default.size.stdout
 
Finished building: Alarm_slave.list
 
20:58:14 **** Incremental Build of configuration Debug for project Alarm_slave ****
make -j12 all 
arm-none-eabi-gcc "../Core/Src/main.c" -mcpu=cortex-m0plus -std=gnu11 -g3 -DDEBUG -DUSE_HAL_DRIVER -DSTM32U031xx -c -I../Core/Inc -I../Drivers/STM32U0xx_HAL_Driver/Inc -I../Drivers/STM32U0xx_HAL_Driver/Inc/Legacy -I../Drivers/CMSIS/Device/ST/STM32U0xx/Include -I../Drivers/CMSIS/Include -O0 -ffunction-sections -fdata-sections -Wall -fstack-usage -fcyclomatic-complexity -MMD -MP -MF"Core/Src/main.d" -MT"Core/Src/main.o" --specs=nano.specs -mfloat-abi=soft -mthumb -o "Core/Src/main.o"
arm-none-eabi-gcc -o "Alarm_slave.elf" @"objects.list"   -mcpu=cortex-m0plus -T"C:\Users\axeel\Desktop\alarm\Alarm_slave\STM32U031R8TX_FLASH.ld" --specs=nosys.specs -Wl,-Map="Alarm_slave.map" -Wl,--gc-sections -static --specs=nano.specs -mfloat-abi=soft -mthumb -Wl,--start-group -lc -lm -Wl,--end-group
Finished building target: Alarm_slave.elf
 
arm-none-eabi-size  Alarm_slave.elf 
arm-none-eabi-objdump -h -S Alarm_slave.elf  > "Alarm_slave.list"
   text	   data	    bss	    dec	    hex	filename
  26884	    104	   2152	  29140	   71d4	Alarm_slave.elf
Finished building: default.size.stdout
 
Finished building: Alarm_slave.list
 
21:03:27 **** Incremental Build of configuration Debug for project Alarm_slave ****
make -j12 all 
arm-none-eabi-gcc "../Core/Src/main.c" -mcpu=cortex-m0plus -std=gnu11 -g3 -DDEBUG -DUSE_HAL_DRIVER -DSTM32U031xx -c -I../Core/Inc -I../Drivers/STM32U0xx_HAL_Driver/Inc -I../Drivers/STM32U0xx_HAL_Driver/Inc/Legacy -I../Drivers/CMSIS/Device/ST/STM32U0xx/Include -I../Drivers/CMSIS/Include -O0 -ffunction-sections -fdata-sections -Wall -fstack-usage -fcyclomatic-complexity -MMD -MP -MF"Core/Src/main.d" -MT"Core/Src/main.o" --specs=nano.specs -mfloat-abi=soft -mthumb -o "Core/Src/main.o"
../Core/Src/main.c: In function 'init_nrf_slave':
../Core/Src/main.c:334:13: error: conflicting types for 'data_val'; have 'uint8_t[1]' {aka 'unsigned char[1]'}
  334 |     uint8_t data_val[1];
      |             ^~~~~~~~
../Core/Src/main.c:305:13: note: previous declaration of 'data_val' with type 'uint8_t[5]' {aka 'unsigned char[5]'}
  305 |     uint8_t data_val[5]; // Buffer for register values
      |             ^~~~~~~~
../Core/Src/main.c:341:143: error: expected expression before ')' token
  341 |     printf("  Slave SPI Write to CONFIG: HAL_SPI_Status=%d, NRF_Status_during_Cmd=0xXX\n", (int)spi_op_status, /* NRF status from rx_buf[0] */);
      |                                                                                                                                               ^
make: *** [Core/Src/subdir.mk:34: Core/Src/main.o] Error 1
"make -j12 all" terminated with exit code 2. Build might be incomplete.
21:03:55 **** Incremental Build of configuration Debug for project Alarm_slave ****
make -j12 all 
arm-none-eabi-gcc "../Core/Src/main.c" -mcpu=cortex-m0plus -std=gnu11 -g3 -DDEBUG -DUSE_HAL_DRIVER -DSTM32U031xx -c -I../Core/Inc -I../Drivers/STM32U0xx_HAL_Driver/Inc -I../Drivers/STM32U0xx_HAL_Driver/Inc/Legacy -I../Drivers/CMSIS/Device/ST/STM32U0xx/Include -I../Drivers/CMSIS/Include -O0 -ffunction-sections -fdata-sections -Wall -fstack-usage -fcyclomatic-complexity -MMD -MP -MF"Core/Src/main.d" -MT"Core/Src/main.o" --specs=nano.specs -mfloat-abi=soft -mthumb -o "Core/Src/main.o"
../Core/Src/main.c: In function 'init_nrf_slave':
../Core/Src/main.c:340:143: error: expected expression before ')' token
  340 |     printf("  Slave SPI Write to CONFIG: HAL_SPI_Status=%d, NRF_Status_during_Cmd=0xXX\n", (int)spi_op_status, /* NRF status from rx_buf[0] */);
      |                                                                                                                                               ^
make: *** [Core/Src/subdir.mk:34: Core/Src/main.o] Error 1
"make -j12 all" terminated with exit code 2. Build might be incomplete.
21:04:24 **** Incremental Build of configuration Debug for project Alarm_slave ****
make -j12 all 
arm-none-eabi-gcc "../Core/Src/main.c" -mcpu=cortex-m0plus -std=gnu11 -g3 -DDEBUG -DUSE_HAL_DRIVER -DSTM32U031xx -c -I../Core/Inc -I../Drivers/STM32U0xx_HAL_Driver/Inc -I../Drivers/STM32U0xx_HAL_Driver/Inc/Legacy -I../Drivers/CMSIS/Device/ST/STM32U0xx/Include -I../Drivers/CMSIS/Include -O0 -ffunction-sections -fdata-sections -Wall -fstack-usage -fcyclomatic-complexity -MMD -MP -MF"Core/Src/main.d" -MT"Core/Src/main.o" --specs=nano.specs -mfloat-abi=soft -mthumb -o "Core/Src/main.o"
arm-none-eabi-gcc -o "Alarm_slave.elf" @"objects.list"   -mcpu=cortex-m0plus -T"C:\Users\axeel\Desktop\alarm\Alarm_slave\STM32U031R8TX_FLASH.ld" --specs=nosys.specs -Wl,-Map="Alarm_slave.map" -Wl,--gc-sections -static --specs=nano.specs -mfloat-abi=soft -mthumb -Wl,--start-group -lc -lm -Wl,--end-group
Finished building target: Alarm_slave.elf
 
arm-none-eabi-size  Alarm_slave.elf 
arm-none-eabi-objdump -h -S Alarm_slave.elf  > "Alarm_slave.list"
   text	   data	    bss	    dec	    hex	filename
  27176	    104	   2152	  29432	   72f8	Alarm_slave.elf
Finished building: default.size.stdout
 
Finished building: Alarm_slave.list
 
21:05:37 **** Incremental Build of configuration Debug for project Alarm_slave ****
make -j12 all 
arm-none-eabi-gcc "../Core/Src/main.c" -mcpu=cortex-m0plus -std=gnu11 -g3 -DDEBUG -DUSE_HAL_DRIVER -DSTM32U031xx -c -I../Core/Inc -I../Drivers/STM32U0xx_HAL_Driver/Inc -I../Drivers/STM32U0xx_HAL_Driver/Inc/Legacy -I../Drivers/CMSIS/Device/ST/STM32U0xx/Include -I../Drivers/CMSIS/Include -O0 -ffunction-sections -fdata-sections -Wall -fstack-usage -fcyclomatic-complexity -MMD -MP -MF"Core/Src/main.d" -MT"Core/Src/main.o" --specs=nano.specs -mfloat-abi=soft -mthumb -o "Core/Src/main.o"
arm-none-eabi-gcc -o "Alarm_slave.elf" @"objects.list"   -mcpu=cortex-m0plus -T"C:\Users\axeel\Desktop\alarm\Alarm_slave\STM32U031R8TX_FLASH.ld" --specs=nosys.specs -Wl,-Map="Alarm_slave.map" -Wl,--gc-sections -static --specs=nano.specs -mfloat-abi=soft -mthumb -Wl,--start-group -lc -lm -Wl,--end-group
Finished building target: Alarm_slave.elf
 
arm-none-eabi-size  Alarm_slave.elf 
arm-none-eabi-objdump -h -S Alarm_slave.elf  > "Alarm_slave.list"
   text	   data	    bss	    dec	    hex	filename
  27176	    104	   2152	  29432	   72f8	Alarm_slave.elf
Finished building: default.size.stdout
 
Finished building: Alarm_slave.list
 
21:06:45 **** Incremental Build of configuration Debug for project Alarm_Master ****
make -j12 all 
arm-none-eabi-size  Alarm_Master.elf 
   text	   data	    bss	    dec	    hex	filename
  21620	    104	   2296	  24020	   5dd4	Alarm_Master.elf
Finished building: default.size.stdout
 
21:09:49 **** Incremental Build of configuration Debug for project Alarm_Master ****
make -j12 all 
arm-none-eabi-gcc "../Core/Src/main.c" -mcpu=cortex-m4 -std=gnu11 -g3 -DDEBUG -DUSE_HAL_DRIVER -DSTM32F411xE -c -I../Core/Inc -I../Drivers/STM32F4xx_HAL_Driver/Inc -I"C:/Users/axeel/Desktop/alarm/Alarm_Master/Keyboard_Driver" -I../Drivers/STM32F4xx_HAL_Driver/Inc/Legacy -I../Drivers/CMSIS/Device/ST/STM32F4xx/Include -I../Drivers/CMSIS/Include -I"C:/Users/axeel/Desktop/alarm/Alarm_Master/LCD_Driver" -I"C:/Users/axeel/Desktop/alarm/Alarm_Master/Display" -I"C:/Users/axeel/Desktop/alarm/Alarm_Master/State_Machine" -I"C:/Users/axeel/Desktop/alarm/Alarm_Master/Flash_Interface" -O0 -ffunction-sections -fdata-sections -Wall -fstack-usage -fcyclomatic-complexity -MMD -MP -MF"Core/Src/main.d" -MT"Core/Src/main.o" --specs=nano.specs -mfpu=fpv4-sp-d16 -mfloat-abi=hard -mthumb -o "Core/Src/main.o"
../Core/Src/main.c: In function 'main':
../Core/Src/main.c:573:8: warning: unused variable 'x' [-Wunused-variable]
  573 |   char x;
      |        ^
arm-none-eabi-gcc -o "Alarm_Master.elf" @"objects.list"   -mcpu=cortex-m4 -T"C:\Users\axeel\Desktop\alarm\Alarm_Master\STM32F411CEUX_FLASH.ld" --specs=nosys.specs -Wl,-Map="Alarm_Master.map" -Wl,--gc-sections -static --specs=nano.specs -mfpu=fpv4-sp-d16 -mfloat-abi=hard -mthumb -Wl,--start-group -lc -lm -Wl,--end-group
Finished building target: Alarm_Master.elf
 
arm-none-eabi-size  Alarm_Master.elf 
arm-none-eabi-objdump -h -S Alarm_Master.elf  > "Alarm_Master.list"
   text	   data	    bss	    dec	    hex	filename
  21736	    104	   2304	  24144	   5e50	Alarm_Master.elf
Finished building: default.size.stdout
 
Finished building: Alarm_Master.list
 
21:10:22 **** Incremental Build of configuration Debug for project Alarm_slave ****
make -j12 all 
arm-none-eabi-size  Alarm_slave.elf 
   text	   data	    bss	    dec	    hex	filename
  27176	    104	   2152	  29432	   72f8	Alarm_slave.elf
Finished building: default.size.stdout
 
21:11:33 **** Incremental Build of configuration Debug for project Alarm_slave ****
make -j12 all 
arm-none-eabi-size  Alarm_slave.elf 
   text	   data	    bss	    dec	    hex	filename
  27176	    104	   2152	  29432	   72f8	Alarm_slave.elf
Finished building: default.size.stdout
 
21:18:18 **** Incremental Build of configuration Debug for project Alarm_slave ****
make -j12 all 
arm-none-eabi-gcc "../Core/Src/main.c" -mcpu=cortex-m0plus -std=gnu11 -g3 -DDEBUG -DUSE_HAL_DRIVER -DSTM32U031xx -c -I../Core/Inc -I../Drivers/STM32U0xx_HAL_Driver/Inc -I../Drivers/STM32U0xx_HAL_Driver/Inc/Legacy -I../Drivers/CMSIS/Device/ST/STM32U0xx/Include -I../Drivers/CMSIS/Include -O0 -ffunction-sections -fdata-sections -Wall -fstack-usage -fcyclomatic-complexity -MMD -MP -MF"Core/Src/main.d" -MT"Core/Src/main.o" --specs=nano.specs -mfloat-abi=soft -mthumb -o "Core/Src/main.o"
arm-none-eabi-gcc -o "Alarm_slave.elf" @"objects.list"   -mcpu=cortex-m0plus -T"C:\Users\axeel\Desktop\alarm\Alarm_slave\STM32U031R8TX_FLASH.ld" --specs=nosys.specs -Wl,-Map="Alarm_slave.map" -Wl,--gc-sections -static --specs=nano.specs -mfloat-abi=soft -mthumb -Wl,--start-group -lc -lm -Wl,--end-group
Finished building target: Alarm_slave.elf
 
arm-none-eabi-size  Alarm_slave.elf 
arm-none-eabi-objdump -h -S Alarm_slave.elf  > "Alarm_slave.list"
   text	   data	    bss	    dec	    hex	filename
  27176	    104	   2152	  29432	   72f8	Alarm_slave.elf
Finished building: default.size.stdout
 
Finished building: Alarm_slave.list
 
21:18:20 **** Incremental Build of configuration Debug for project Alarm_Master ****
make -j12 all 
arm-none-eabi-size  Alarm_Master.elf 
   text	   data	    bss	    dec	    hex	filename
  21736	    104	   2304	  24144	   5e50	Alarm_Master.elf
Finished building: default.size.stdout
 
21:18:51 **** Incremental Build of configuration Debug for project Alarm_Master ****
make -j12 all 
arm-none-eabi-size  Alarm_Master.elf 
   text	   data	    bss	    dec	    hex	filename
  21736	    104	   2304	  24144	   5e50	Alarm_Master.elf
Finished building: default.size.stdout
 
21:18:55 **** Incremental Build of configuration Debug for project Alarm_slave ****
make -j12 all 
arm-none-eabi-size  Alarm_slave.elf 
   text	   data	    bss	    dec	    hex	filename
  27176	    104	   2152	  29432	   72f8	Alarm_slave.elf
Finished building: default.size.stdout
 
21:19:40 **** Incremental Build of configuration Debug for project Alarm_Master ****
make -j12 all 
arm-none-eabi-gcc "../Core/Src/main.c" -mcpu=cortex-m4 -std=gnu11 -g3 -DDEBUG -DUSE_HAL_DRIVER -DSTM32F411xE -c -I../Core/Inc -I../Drivers/STM32F4xx_HAL_Driver/Inc -I"C:/Users/axeel/Desktop/alarm/Alarm_Master/Keyboard_Driver" -I../Drivers/STM32F4xx_HAL_Driver/Inc/Legacy -I../Drivers/CMSIS/Device/ST/STM32F4xx/Include -I../Drivers/CMSIS/Include -I"C:/Users/axeel/Desktop/alarm/Alarm_Master/LCD_Driver" -I"C:/Users/axeel/Desktop/alarm/Alarm_Master/Display" -I"C:/Users/axeel/Desktop/alarm/Alarm_Master/State_Machine" -I"C:/Users/axeel/Desktop/alarm/Alarm_Master/Flash_Interface" -O0 -ffunction-sections -fdata-sections -Wall -fstack-usage -fcyclomatic-complexity -MMD -MP -MF"Core/Src/main.d" -MT"Core/Src/main.o" --specs=nano.specs -mfpu=fpv4-sp-d16 -mfloat-abi=hard -mthumb -o "Core/Src/main.o"
../Core/Src/main.c: In function 'main':
../Core/Src/main.c:573:8: warning: unused variable 'x' [-Wunused-variable]
  573 |   char x;
      |        ^
arm-none-eabi-gcc -o "Alarm_Master.elf" @"objects.list"   -mcpu=cortex-m4 -T"C:\Users\axeel\Desktop\alarm\Alarm_Master\STM32F411CEUX_FLASH.ld" --specs=nosys.specs -Wl,-Map="Alarm_Master.map" -Wl,--gc-sections -static --specs=nano.specs -mfpu=fpv4-sp-d16 -mfloat-abi=hard -mthumb -Wl,--start-group -lc -lm -Wl,--end-group
Finished building target: Alarm_Master.elf
 
arm-none-eabi-size  Alarm_Master.elf 
arm-none-eabi-objdump -h -S Alarm_Master.elf  > "Alarm_Master.list"
   text	   data	    bss	    dec	    hex	filename
  21736	    104	   2304	  24144	   5e50	Alarm_Master.elf
Finished building: default.size.stdout
 
Finished building: Alarm_Master.list
 
21:22:35 **** Incremental Build of configuration Debug for project Alarm_Master ****
make -j12 all 
arm-none-eabi-gcc "../Core/Src/main.c" -mcpu=cortex-m4 -std=gnu11 -g3 -DDEBUG -DUSE_HAL_DRIVER -DSTM32F411xE -c -I../Core/Inc -I../Drivers/STM32F4xx_HAL_Driver/Inc -I"C:/Users/axeel/Desktop/alarm/Alarm_Master/Keyboard_Driver" -I../Drivers/STM32F4xx_HAL_Driver/Inc/Legacy -I../Drivers/CMSIS/Device/ST/STM32F4xx/Include -I../Drivers/CMSIS/Include -I"C:/Users/axeel/Desktop/alarm/Alarm_Master/LCD_Driver" -I"C:/Users/axeel/Desktop/alarm/Alarm_Master/Display" -I"C:/Users/axeel/Desktop/alarm/Alarm_Master/State_Machine" -I"C:/Users/axeel/Desktop/alarm/Alarm_Master/Flash_Interface" -O0 -ffunction-sections -fdata-sections -Wall -fstack-usage -fcyclomatic-complexity -MMD -MP -MF"Core/Src/main.d" -MT"Core/Src/main.o" --specs=nano.specs -mfpu=fpv4-sp-d16 -mfloat-abi=hard -mthumb -o "Core/Src/main.o"
../Core/Src/main.c: In function 'main':
../Core/Src/main.c:573:8: warning: unused variable 'x' [-Wunused-variable]
  573 |   char x;
      |        ^
arm-none-eabi-gcc -o "Alarm_Master.elf" @"objects.list"   -mcpu=cortex-m4 -T"C:\Users\axeel\Desktop\alarm\Alarm_Master\STM32F411CEUX_FLASH.ld" --specs=nosys.specs -Wl,-Map="Alarm_Master.map" -Wl,--gc-sections -static --specs=nano.specs -mfpu=fpv4-sp-d16 -mfloat-abi=hard -mthumb -Wl,--start-group -lc -lm -Wl,--end-group
Finished building target: Alarm_Master.elf
 
arm-none-eabi-size  Alarm_Master.elf 
arm-none-eabi-objdump -h -S Alarm_Master.elf  > "Alarm_Master.list"
   text	   data	    bss	    dec	    hex	filename
  21736	    104	   2304	  24144	   5e50	Alarm_Master.elf
Finished building: default.size.stdout
 
Finished building: Alarm_Master.list
 
21:23:08 **** Incremental Build of configuration Debug for project Alarm_slave ****
make -j12 all 
arm-none-eabi-gcc "../Core/Src/main.c" -mcpu=cortex-m0plus -std=gnu11 -g3 -DDEBUG -DUSE_HAL_DRIVER -DSTM32U031xx -c -I../Core/Inc -I../Drivers/STM32U0xx_HAL_Driver/Inc -I../Drivers/STM32U0xx_HAL_Driver/Inc/Legacy -I../Drivers/CMSIS/Device/ST/STM32U0xx/Include -I../Drivers/CMSIS/Include -O0 -ffunction-sections -fdata-sections -Wall -fstack-usage -fcyclomatic-complexity -MMD -MP -MF"Core/Src/main.d" -MT"Core/Src/main.o" --specs=nano.specs -mfloat-abi=soft -mthumb -o "Core/Src/main.o"
arm-none-eabi-gcc -o "Alarm_slave.elf" @"objects.list"   -mcpu=cortex-m0plus -T"C:\Users\axeel\Desktop\alarm\Alarm_slave\STM32U031R8TX_FLASH.ld" --specs=nosys.specs -Wl,-Map="Alarm_slave.map" -Wl,--gc-sections -static --specs=nano.specs -mfloat-abi=soft -mthumb -Wl,--start-group -lc -lm -Wl,--end-group
Finished building target: Alarm_slave.elf
 
arm-none-eabi-size  Alarm_slave.elf 
arm-none-eabi-objdump -h -S Alarm_slave.elf  > "Alarm_slave.list"
   text	   data	    bss	    dec	    hex	filename
  27176	    104	   2152	  29432	   72f8	Alarm_slave.elf
Finished building: default.size.stdout
 
Finished building: Alarm_slave.list
 
